Archive member included to satisfy reference by file (symbol)

/usr/lib/gcc/arm-none-eabi/8.3.1/thumb/v6-m/nofp/libgcc.a(_dvmd_tls.o)
                              CMakeFiles/main.dir/home/reinhard/pico/pico-sdk/src/rp2_common/pico_divider/divider.S.obj (__aeabi_idiv0)
/usr/lib/gcc/arm-none-eabi/8.3.1/../../../arm-none-eabi/lib/thumb/v6-m/nofp/libg.a(lib_a-atexit.o)
                              /usr/lib/gcc/arm-none-eabi/8.3.1/../../../arm-none-eabi/lib/thumb/v6-m/nofp/crt0.o (atexit)
/usr/lib/gcc/arm-none-eabi/8.3.1/../../../arm-none-eabi/lib/thumb/v6-m/nofp/libg.a(lib_a-calloc.o)
                              CMakeFiles/main.dir/home/reinhard/pico/pico-sdk/src/rp2_common/pico_malloc/pico_malloc.c.obj (calloc)
/usr/lib/gcc/arm-none-eabi/8.3.1/../../../arm-none-eabi/lib/thumb/v6-m/nofp/libg.a(lib_a-callocr.o)
                              /usr/lib/gcc/arm-none-eabi/8.3.1/../../../arm-none-eabi/lib/thumb/v6-m/nofp/libg.a(lib_a-calloc.o) (_calloc_r)
/usr/lib/gcc/arm-none-eabi/8.3.1/../../../arm-none-eabi/lib/thumb/v6-m/nofp/libg.a(lib_a-ctype_.o)
                              CMakeFiles/main.dir/home/reinhard/pico/pico-sdk/lib/tinyusb/src/tusb.c.obj (_ctype_)
/usr/lib/gcc/arm-none-eabi/8.3.1/../../../arm-none-eabi/lib/thumb/v6-m/nofp/libg.a(lib_a-fini.o)
                              /usr/lib/gcc/arm-none-eabi/8.3.1/../../../arm-none-eabi/lib/thumb/v6-m/nofp/crt0.o (__libc_fini_array)
/usr/lib/gcc/arm-none-eabi/8.3.1/../../../arm-none-eabi/lib/thumb/v6-m/nofp/libg.a(lib_a-impure.o)
                              /usr/lib/gcc/arm-none-eabi/8.3.1/../../../arm-none-eabi/lib/thumb/v6-m/nofp/libg.a(lib_a-calloc.o) (_impure_ptr)
/usr/lib/gcc/arm-none-eabi/8.3.1/../../../arm-none-eabi/lib/thumb/v6-m/nofp/libg.a(lib_a-init.o)
                              /usr/lib/gcc/arm-none-eabi/8.3.1/../../../arm-none-eabi/lib/thumb/v6-m/nofp/crt0.o (__libc_init_array)
/usr/lib/gcc/arm-none-eabi/8.3.1/../../../arm-none-eabi/lib/thumb/v6-m/nofp/libg.a(lib_a-malloc.o)
                              CMakeFiles/main.dir/home/reinhard/pico/pico-sdk/src/rp2_common/pico_malloc/pico_malloc.c.obj (malloc)
/usr/lib/gcc/arm-none-eabi/8.3.1/../../../arm-none-eabi/lib/thumb/v6-m/nofp/libg.a(lib_a-mallocr.o)
                              /usr/lib/gcc/arm-none-eabi/8.3.1/../../../arm-none-eabi/lib/thumb/v6-m/nofp/libg.a(lib_a-callocr.o) (_malloc_r)
/usr/lib/gcc/arm-none-eabi/8.3.1/../../../arm-none-eabi/lib/thumb/v6-m/nofp/libg.a(lib_a-mlock.o)
                              /usr/lib/gcc/arm-none-eabi/8.3.1/../../../arm-none-eabi/lib/thumb/v6-m/nofp/libg.a(lib_a-mallocr.o) (__malloc_lock)
/usr/lib/gcc/arm-none-eabi/8.3.1/../../../arm-none-eabi/lib/thumb/v6-m/nofp/libg.a(lib_a-sbrkr.o)
                              /usr/lib/gcc/arm-none-eabi/8.3.1/../../../arm-none-eabi/lib/thumb/v6-m/nofp/libg.a(lib_a-mallocr.o) (_sbrk_r)
/usr/lib/gcc/arm-none-eabi/8.3.1/../../../arm-none-eabi/lib/thumb/v6-m/nofp/libg.a(lib_a-strlen-stub.o)
                              CMakeFiles/main.dir/home/reinhard/pico/pico-sdk/src/rp2_common/pico_stdio/stdio.c.obj (strlen)
/usr/lib/gcc/arm-none-eabi/8.3.1/../../../arm-none-eabi/lib/thumb/v6-m/nofp/libg.a(lib_a-__atexit.o)
                              /usr/lib/gcc/arm-none-eabi/8.3.1/../../../arm-none-eabi/lib/thumb/v6-m/nofp/libg.a(lib_a-atexit.o) (__register_exitproc)
/usr/lib/gcc/arm-none-eabi/8.3.1/../../../arm-none-eabi/lib/thumb/v6-m/nofp/libg.a(lib_a-freer.o)
                              /usr/lib/gcc/arm-none-eabi/8.3.1/../../../arm-none-eabi/lib/thumb/v6-m/nofp/libg.a(lib_a-malloc.o) (_free_r)
/usr/lib/gcc/arm-none-eabi/8.3.1/../../../arm-none-eabi/lib/thumb/v6-m/nofp/libg.a(lib_a-reent.o)
                              /usr/lib/gcc/arm-none-eabi/8.3.1/../../../arm-none-eabi/lib/thumb/v6-m/nofp/libg.a(lib_a-sbrkr.o) (errno)

Allocating common symbols
Common symbol       size              file

sf_table            0x100             CMakeFiles/main.dir/home/reinhard/pico/pico-sdk/src/rp2_common/pico_float/float_init_rom.c.obj
errno               0x4               /usr/lib/gcc/arm-none-eabi/8.3.1/../../../arm-none-eabi/lib/thumb/v6-m/nofp/libg.a(lib_a-reent.o)
_usbd_qdef_buf      0xc0              CMakeFiles/main.dir/home/reinhard/pico/pico-sdk/lib/tinyusb/src/device/usbd.c.obj
sd_table            0x100             CMakeFiles/main.dir/home/reinhard/pico/pico-sdk/src/rp2_common/pico_double/double_init_rom.c.obj
uart_char_to_line_feed
                    0x4               CMakeFiles/main.dir/home/reinhard/pico/pico-sdk/src/rp2_common/hardware_uart/uart.c.obj

Discarded input sections

 .text          0x0000000000000000        0x0 /usr/lib/gcc/arm-none-eabi/8.3.1/thumb/v6-m/nofp/crti.o
 .data          0x0000000000000000        0x0 /usr/lib/gcc/arm-none-eabi/8.3.1/thumb/v6-m/nofp/crti.o
 .bss           0x0000000000000000        0x0 /usr/lib/gcc/arm-none-eabi/8.3.1/thumb/v6-m/nofp/crti.o
 .data          0x0000000000000000        0x4 /usr/lib/gcc/arm-none-eabi/8.3.1/thumb/v6-m/nofp/crtbegin.o
[...]
Memory Configuration

Name             Origin             Length             Attributes
FLASH            0x0000000010000000 0x0000000000200000 xr
RAM              0x0000000020000000 0x0000000000040000 xrw
SCRATCH_X        0x0000000020040000 0x0000000000001000 xrw
SCRATCH_Y        0x0000000020041000 0x0000000000001000 xrw
*default*        0x0000000000000000 0xffffffffffffffff

Linker script and memory map

LOAD /usr/lib/gcc/arm-none-eabi/8.3.1/thumb/v6-m/nofp/crti.o
LOAD /usr/lib/gcc/arm-none-eabi/8.3.1/thumb/v6-m/nofp/crtbegin.o
LOAD /usr/lib/gcc/arm-none-eabi/8.3.1/../../../arm-none-eabi/lib/thumb/v6-m/nofp/crt0.o

.flash_begin    0x0000000010000000        0x0
                0x0000000010000000                __flash_binary_start = .

.boot2          0x0000000010000000      0x100
                0x0000000010000000                __boot2_start__ = .
 *(.boot2)
 .boot2         0x0000000010000000      0x100 /tmp/cctWiLs7.o
                0x0000000010000100                __boot2_end__ = .
                0x0000000000000001                ASSERT (((__boot2_end__ - __boot2_start__) == 0x100), ERROR: Pico second stage bootloader must be 256 bytes in size)

.text           0x0000000010000100     0x6e70
                0x0000000010000100                __logical_binary_start = .
 *(.vectors)
 .vectors       0x0000000010000100       0xd4 CMakeFiles/main.dir/home/reinhard/pico/pico-sdk/src/rp2_common/pico_standard_link/crt0.S.obj
                0x0000000010000100                __vectors
                0x0000000010000100                __VECTOR_TABLE
                0x00000000100001c0                isr_invalid
                0x00000000100001c0                __default_isrs_start
                0x00000000100001c2                isr_nmi
                0x00000000100001c4                isr_hardfault
                0x00000000100001c6                isr_svcall
                0x00000000100001c8                isr_pendsv
                0x00000000100001ca                isr_systick
                0x00000000100001cc                isr_irq30
                0x00000000100001cc                __unhandled_user_irq
                0x00000000100001cc                isr_irq13
                0x00000000100001cc                isr_irq27
                0x00000000100001cc                isr_irq31
                0x00000000100001cc                isr_irq5
                0x00000000100001cc                isr_irq11
                0x00000000100001cc                isr_irq23
                0x00000000100001cc                isr_irq18
                0x00000000100001cc                isr_irq28
                0x00000000100001cc                isr_irq19
                0x00000000100001cc                isr_irq0
                0x00000000100001cc                isr_irq6
                0x00000000100001cc                isr_irq22
                0x00000000100001cc                isr_irq17
                0x00000000100001cc                isr_irq14
                0x00000000100001cc                isr_irq2
                0x00000000100001cc                isr_irq10
                0x00000000100001cc                isr_irq8
                0x00000000100001cc                isr_irq24
                0x00000000100001cc                isr_irq1
                0x00000000100001cc                isr_irq7
                0x00000000100001cc                isr_irq21
                0x00000000100001cc                isr_irq20
                0x00000000100001cc                isr_irq15
                0x00000000100001cc                isr_irq25
                0x00000000100001cc                isr_irq4
                0x00000000100001cc                isr_irq16
                0x00000000100001cc                isr_irq29
                0x00000000100001cc                isr_irq26
                0x00000000100001cc                __default_isrs_end
                0x00000000100001cc                isr_irq3
                0x00000000100001cc                isr_irq12
                0x00000000100001cc                isr_irq9
                0x00000000100001d2                unhandled_user_irq_num_in_r0
 *(.binary_info_header)
 .binary_info_header
                0x00000000100001d4       0x14 CMakeFiles/main.dir/home/reinhard/pico/pico-sdk/src/rp2_common/pico_standard_link/crt0.S.obj
                0x00000000100001e8                __binary_info_header_end = .
 *(.reset)
 .reset         0x00000000100001e8       0xa8 CMakeFiles/main.dir/home/reinhard/pico/pico-sdk/src/rp2_common/pico_standard_link/crt0.S.obj
                0x00000000100001e8                _entry_point
                0x0000000010000266                __get_current_exception
 .reset         0x0000000010000290       0x30 CMakeFiles/main.dir/home/reinhard/pico/pico-sdk/src/rp2_common/pico_standard_link/binary_info.c.obj
 *(.init)
 .init          0x00000000100002c0        0x4 /usr/lib/gcc/arm-none-eabi/8.3.1/thumb/v6-m/nofp/crti.o
                0x00000000100002c0                _init
 *(EXCLUDE_FILE(*libm.a: *libc.a:*lib_a-mem*.o *libgcc.a:) .text*)
 .text          0x00000000100002c4       0x98 /usr/lib/gcc/arm-none-eabi/8.3.1/thumb/v6-m/nofp/crtbegin.o
 .text.main     0x000000001000035c       0x40 CMakeFiles/main.dir/main.c.obj
                0x000000001000035c                main
 .text.gpio_set_function
                0x000000001000039c       0x30 CMakeFiles/main.dir/home/reinhard/pico/pico-sdk/src/rp2_common/hardware_gpio/gpio.c.obj
                0x000000001000039c                gpio_set_function
 .text.gpio_init
                0x00000000100003cc       0x16 CMakeFiles/main.dir/home/reinhard/pico/pico-sdk/src/rp2_common/hardware_gpio/gpio.c.obj
                0x00000000100003cc                gpio_init
 *fill*         0x00000000100003e2        0x2 
 .text.hw_claim_lock
                0x00000000100003e4       0x18 CMakeFiles/main.dir/home/reinhard/pico/pico-sdk/src/rp2_common/hardware_claim/claim.c.obj
                0x00000000100003e4                hw_claim_lock
 .text.hw_claim_unlock
                0x00000000100003fc       0x14 CMakeFiles/main.dir/home/reinhard/pico/pico-sdk/src/rp2_common/hardware_claim/claim.c.obj
                0x00000000100003fc                hw_claim_unlock
 .text.hw_claim_or_assert
                0x0000000010000410       0x32 CMakeFiles/main.dir/home/reinhard/pico/pico-sdk/src/rp2_common/hardware_claim/claim.c.obj
                0x0000000010000410                hw_claim_or_assert
 .text.hw_claim_unused_from_range
                0x0000000010000442       0x50 CMakeFiles/main.dir/home/reinhard/pico/pico-sdk/src/rp2_common/hardware_claim/claim.c.obj
                0x0000000010000442                hw_claim_unused_from_range
 *fill*         0x0000000010000492        0x2 
 .text.running_on_fpga
                0x0000000010000494       0x14 CMakeFiles/main.dir/home/reinhard/pico/pico-sdk/src/rp2_common/pico_platform/platform.c.obj
                0x0000000010000494                running_on_fpga
 .text.spin_locks_reset
                0x00000000100004a8       0x20 CMakeFiles/main.dir/home/reinhard/pico/pico-sdk/src/rp2_common/hardware_sync/sync.c.obj
                0x00000000100004a8                spin_locks_reset
 .text.next_striped_spin_lock_num
                0x00000000100004c8       0x1c CMakeFiles/main.dir/home/reinhard/pico/pico-sdk/src/rp2_common/hardware_sync/sync.c.obj
                0x00000000100004c8                next_striped_spin_lock_num
 .text.spin_lock_claim_unused
                0x00000000100004e4       0x20 CMakeFiles/main.dir/home/reinhard/pico/pico-sdk/src/rp2_common/hardware_sync/sync.c.obj
                0x00000000100004e4                spin_lock_claim_unused
 .text.sleep_until_callback
                0x0000000010000504       0x30 CMakeFiles/main.dir/home/reinhard/pico/pico-sdk/src/common/pico_time/time.c.obj
 .text.alarm_pool_post_alloc_init
                0x0000000010000534       0x40 CMakeFiles/main.dir/home/reinhard/pico/pico-sdk/src/common/pico_time/time.c.obj
 .text.timer_pool_entry_comparator
                0x0000000010000574       0x7c CMakeFiles/main.dir/home/reinhard/pico/pico-sdk/src/common/pico_time/time.c.obj
                0x0000000010000574                timer_pool_entry_comparator
 .text.ph_add_child_node
                0x00000000100005f0       0xa4 CMakeFiles/main.dir/home/reinhard/pico/pico-sdk/src/common/pico_time/time.c.obj
 .text.ph_merge_nodes
                0x0000000010000694       0x3e CMakeFiles/main.dir/home/reinhard/pico/pico-sdk/src/common/pico_time/time.c.obj
 *fill*         0x00000000100006d2        0x2 
 .text.add_alarm_under_lock
                0x00000000100006d4      0x180 CMakeFiles/main.dir/home/reinhard/pico/pico-sdk/src/common/pico_time/time.c.obj
 .text.alarm_pool_alarm_callback
                0x0000000010000854      0x328 CMakeFiles/main.dir/home/reinhard/pico/pico-sdk/src/common/pico_time/time.c.obj
 .text.alarm_pool_init_default
                0x0000000010000b7c       0x38 CMakeFiles/main.dir/home/reinhard/pico/pico-sdk/src/common/pico_time/time.c.obj
                0x0000000010000b7c                alarm_pool_init_default
 .text.alarm_pool_get_default
                0x0000000010000bb4       0x2c CMakeFiles/main.dir/home/reinhard/pico/pico-sdk/src/common/pico_time/time.c.obj
                0x0000000010000bb4                alarm_pool_get_default
 .text.alarm_pool_add_alarm_at
                0x0000000010000be0      0x154 CMakeFiles/main.dir/home/reinhard/pico/pico-sdk/src/common/pico_time/time.c.obj
                0x0000000010000be0                alarm_pool_add_alarm_at
 .text.alarm_pool_cancel_alarm
                0x0000000010000d34       0xec CMakeFiles/main.dir/home/reinhard/pico/pico-sdk/src/common/pico_time/time.c.obj
                0x0000000010000d34                alarm_pool_cancel_alarm
 .text.sleep_until
                0x0000000010000e20       0xf8 CMakeFiles/main.dir/home/reinhard/pico/pico-sdk/src/common/pico_time/time.c.obj
                0x0000000010000e20                sleep_until
 .text.sleep_us
                0x0000000010000f18       0x54 CMakeFiles/main.dir/home/reinhard/pico/pico-sdk/src/common/pico_time/time.c.obj
                0x0000000010000f18                sleep_us
 .text.sleep_ms
                0x0000000010000f6c       0x14 CMakeFiles/main.dir/home/reinhard/pico/pico-sdk/src/common/pico_time/time.c.obj
                0x0000000010000f6c                sleep_ms
 .text.best_effort_wfe_or_timeout
                0x0000000010000f80       0x80 CMakeFiles/main.dir/home/reinhard/pico/pico-sdk/src/common/pico_time/time.c.obj
                0x0000000010000f80                best_effort_wfe_or_timeout
 .text.hardware_alarm_irq_handler
                0x0000000010001000       0x8c CMakeFiles/main.dir/home/reinhard/pico/pico-sdk/src/rp2_common/hardware_timer/timer.c.obj
 .text.hardware_alarm_claim
                0x000000001000108c       0x18 CMakeFiles/main.dir/home/reinhard/pico/pico-sdk/src/rp2_common/hardware_timer/timer.c.obj
                0x000000001000108c                hardware_alarm_claim
 .text.time_us_64
                0x00000000100010a4       0x18 CMakeFiles/main.dir/home/reinhard/pico/pico-sdk/src/rp2_common/hardware_timer/timer.c.obj
                0x00000000100010a4                time_us_64
 .text.busy_wait_until
                0x00000000100010bc       0x24 CMakeFiles/main.dir/home/reinhard/pico/pico-sdk/src/rp2_common/hardware_timer/timer.c.obj
                0x00000000100010bc                busy_wait_until
 .text.hardware_alarm_set_callback
                0x00000000100010e0       0x90 CMakeFiles/main.dir/home/reinhard/pico/pico-sdk/src/rp2_common/hardware_timer/timer.c.obj
                0x00000000100010e0                hardware_alarm_set_callback
 .text.hardware_alarm_set_target
                0x0000000010001170       0xe8 CMakeFiles/main.dir/home/reinhard/pico/pico-sdk/src/rp2_common/hardware_timer/timer.c.obj
                0x0000000010001170                hardware_alarm_set_target
 .text.hardware_alarm_cancel
                0x0000000010001258       0x40 CMakeFiles/main.dir/home/reinhard/pico/pico-sdk/src/rp2_common/hardware_timer/timer.c.obj
                0x0000000010001258                hardware_alarm_cancel
 .text.lock_init
                0x0000000010001298       0x10 CMakeFiles/main.dir/home/reinhard/pico/pico-sdk/src/common/pico_sync/lock_core.c.obj
                0x0000000010001298                lock_init
 .text.mutex_init
                0x00000000100012a8       0x1a CMakeFiles/main.dir/home/reinhard/pico/pico-sdk/src/common/pico_sync/mutex.c.obj
                0x00000000100012a8                mutex_init
 .text.recursive_mutex_init
                0x00000000100012c2       0x1e CMakeFiles/main.dir/home/reinhard/pico/pico-sdk/src/common/pico_sync/mutex.c.obj
                0x00000000100012c2                recursive_mutex_init
 .text.critical_section_init_with_lock_num
                0x00000000100012e0       0x14 CMakeFiles/main.dir/home/reinhard/pico/pico-sdk/src/common/pico_sync/critical_section.c.obj
                0x00000000100012e0                critical_section_init_with_lock_num
 .text.critical_section_init
                0x00000000100012f4       0x14 CMakeFiles/main.dir/home/reinhard/pico/pico-sdk/src/common/pico_sync/critical_section.c.obj
                0x00000000100012f4                critical_section_init
 .text.ph_add_child_node
                0x0000000010001308       0xa4 CMakeFiles/main.dir/home/reinhard/pico/pico-sdk/src/common/pico_util/pheap.c.obj
 .text.ph_merge_nodes
                0x00000000100013ac       0x3e CMakeFiles/main.dir/home/reinhard/pico/pico-sdk/src/common/pico_util/pheap.c.obj
 *fill*         0x00000000100013ea        0x2 
 .text.ph_clear
                0x00000000100013ec       0x70 CMakeFiles/main.dir/home/reinhard/pico/pico-sdk/src/common/pico_util/pheap.c.obj
                0x00000000100013ec                ph_clear
 .text.ph_post_alloc_init
                0x000000001000145c        0xe CMakeFiles/main.dir/home/reinhard/pico/pico-sdk/src/common/pico_util/pheap.c.obj
                0x000000001000145c                ph_post_alloc_init
 *fill*         0x000000001000146a        0x2 
 .text.ph_merge_two_pass
                0x000000001000146c       0xac CMakeFiles/main.dir/home/reinhard/pico/pico-sdk/src/common/pico_util/pheap.c.obj
                0x000000001000146c                ph_merge_two_pass
 .text.ph_remove_any_head
                0x0000000010001518      0x108 CMakeFiles/main.dir/home/reinhard/pico/pico-sdk/src/common/pico_util/pheap.c.obj
 .text.ph_remove_head
                0x0000000010001620       0x14 CMakeFiles/main.dir/home/reinhard/pico/pico-sdk/src/common/pico_util/pheap.c.obj
                0x0000000010001620                ph_remove_head
 .text.ph_remove_and_free_node
                0x0000000010001634       0xf8 CMakeFiles/main.dir/home/reinhard/pico/pico-sdk/src/common/pico_util/pheap.c.obj
                0x0000000010001634                ph_remove_and_free_node
 .text._exit    0x000000001000172c        0x4 CMakeFiles/main.dir/home/reinhard/pico/pico-sdk/src/rp2_common/pico_runtime/runtime.c.obj
                0x000000001000172c                _exit
 .text.exit     0x0000000010001730        0x6 CMakeFiles/main.dir/home/reinhard/pico/pico-sdk/src/rp2_common/pico_runtime/runtime.c.obj
                0x0000000010001730                exit
 *fill*         0x0000000010001736        0x2 
 .text.__assert_func
                0x0000000010001738       0x3c CMakeFiles/main.dir/home/reinhard/pico/pico-sdk/src/rp2_common/pico_runtime/runtime.c.obj
                0x0000000010001738                __assert_func
 .text.runtime_init
                0x0000000010001774       0xf8 CMakeFiles/main.dir/home/reinhard/pico/pico-sdk/src/rp2_common/pico_runtime/runtime.c.obj
                0x0000000010001774                runtime_init
 .text.panic    0x000000001000186c       0x30 CMakeFiles/main.dir/home/reinhard/pico/pico-sdk/src/rp2_common/pico_runtime/runtime.c.obj
                0x000000001000186c                panic
 .text.clock_configure
                0x000000001000189c       0xfc CMakeFiles/main.dir/home/reinhard/pico/pico-sdk/src/rp2_common/hardware_clocks/clocks.c.obj
                0x000000001000189c                clock_configure
 .text.clocks_init
                0x0000000010001998      0x100 CMakeFiles/main.dir/home/reinhard/pico/pico-sdk/src/rp2_common/hardware_clocks/clocks.c.obj
                0x0000000010001998                clocks_init
 .text.set_raw_irq_handler_and_unlock
                0x0000000010001a98       0x28 CMakeFiles/main.dir/home/reinhard/pico/pico-sdk/src/rp2_common/hardware_irq/irq.c.obj
 .text.make_branch
                0x0000000010001ac0       0x34 CMakeFiles/main.dir/home/reinhard/pico/pico-sdk/src/rp2_common/hardware_irq/irq.c.obj
 .text.insert_branch_and_link
                0x0000000010001af4       0x40 CMakeFiles/main.dir/home/reinhard/pico/pico-sdk/src/rp2_common/hardware_irq/irq.c.obj
 .text.irq_is_enabled
                0x0000000010001b34       0x18 CMakeFiles/main.dir/home/reinhard/pico/pico-sdk/src/rp2_common/hardware_irq/irq.c.obj
                0x0000000010001b34                irq_is_enabled
 .text.irq_set_mask_enabled
                0x0000000010001b4c       0x20 CMakeFiles/main.dir/home/reinhard/pico/pico-sdk/src/rp2_common/hardware_irq/irq.c.obj
                0x0000000010001b4c                irq_set_mask_enabled
 .text.irq_set_enabled
                0x0000000010001b6c        0xe CMakeFiles/main.dir/home/reinhard/pico/pico-sdk/src/rp2_common/hardware_irq/irq.c.obj
                0x0000000010001b6c                irq_set_enabled
 *fill*         0x0000000010001b7a        0x2 
 .text.irq_set_pending
                0x0000000010001b7c       0x10 CMakeFiles/main.dir/home/reinhard/pico/pico-sdk/src/rp2_common/hardware_irq/irq.c.obj
                0x0000000010001b7c                irq_set_pending
 .text.irq_get_vtable_handler
                0x0000000010001b8c       0x10 CMakeFiles/main.dir/home/reinhard/pico/pico-sdk/src/rp2_common/hardware_irq/irq.c.obj
                0x0000000010001b8c                irq_get_vtable_handler
 .text.irq_set_exclusive_handler
                0x0000000010001b9c       0x54 CMakeFiles/main.dir/home/reinhard/pico/pico-sdk/src/rp2_common/hardware_irq/irq.c.obj
                0x0000000010001b9c                irq_set_exclusive_handler
 .text.irq_remove_handler
                0x0000000010001bf0      0x1a8 CMakeFiles/main.dir/home/reinhard/pico/pico-sdk/src/rp2_common/hardware_irq/irq.c.obj
                0x0000000010001bf0                irq_remove_handler
 .text.irq_add_tail_to_free_list
                0x0000000010001d98       0xf0 CMakeFiles/main.dir/home/reinhard/pico/pico-sdk/src/rp2_common/hardware_irq/irq.c.obj
                0x0000000010001d98                irq_add_tail_to_free_list
 .text.irq_init_priorities
                0x0000000010001e88       0x1c CMakeFiles/main.dir/home/reinhard/pico/pico-sdk/src/rp2_common/hardware_irq/irq.c.obj
                0x0000000010001e88                irq_init_priorities
 .text.pll_init
                0x0000000010001ea4      0x114 CMakeFiles/main.dir/home/reinhard/pico/pico-sdk/src/rp2_common/hardware_pll/pll.c.obj
                0x0000000010001ea4                pll_init
 .text.watchdog_start_tick
                0x0000000010001fb8       0x10 CMakeFiles/main.dir/home/reinhard/pico/pico-sdk/src/rp2_common/hardware_watchdog/watchdog.c.obj
                0x0000000010001fb8                watchdog_start_tick
 .text.watchdog_update
                0x0000000010001fc8       0x14 CMakeFiles/main.dir/home/reinhard/pico/pico-sdk/src/rp2_common/hardware_watchdog/watchdog.c.obj
                0x0000000010001fc8                watchdog_update
 .text._watchdog_enable
                0x0000000010001fdc       0x74 CMakeFiles/main.dir/home/reinhard/pico/pico-sdk/src/rp2_common/hardware_watchdog/watchdog.c.obj
                0x0000000010001fdc                _watchdog_enable
 .text.watchdog_reboot
                0x0000000010002050       0x44 CMakeFiles/main.dir/home/reinhard/pico/pico-sdk/src/rp2_common/hardware_watchdog/watchdog.c.obj
                0x0000000010002050                watchdog_reboot
 .text.xosc_init
                0x0000000010002094       0x28 CMakeFiles/main.dir/home/reinhard/pico/pico-sdk/src/rp2_common/hardware_xosc/xosc.c.obj
                0x0000000010002094                xosc_init
 .text._out_null
                0x00000000100020bc        0x2 CMakeFiles/main.dir/home/reinhard/pico/pico-sdk/src/rp2_common/pico_printf/printf.c.obj
 .text._out_fct
                0x00000000100020be        0xe CMakeFiles/main.dir/home/reinhard/pico/pico-sdk/src/rp2_common/pico_printf/printf.c.obj
 .text._atoi    0x00000000100020cc       0x28 CMakeFiles/main.dir/home/reinhard/pico/pico-sdk/src/rp2_common/pico_printf/printf.c.obj
 .text._out_rev
                0x00000000100020f4       0x8c CMakeFiles/main.dir/home/reinhard/pico/pico-sdk/src/rp2_common/pico_printf/printf.c.obj
 .text._ntoa_format
                0x0000000010002180      0x10c CMakeFiles/main.dir/home/reinhard/pico/pico-sdk/src/rp2_common/pico_printf/printf.c.obj
 .text._ntoa_long
                0x000000001000228c       0xb0 CMakeFiles/main.dir/home/reinhard/pico/pico-sdk/src/rp2_common/pico_printf/printf.c.obj
 .text._ntoa_long_long
                0x000000001000233c       0xe6 CMakeFiles/main.dir/home/reinhard/pico/pico-sdk/src/rp2_common/pico_printf/printf.c.obj
 *fill*         0x0000000010002422        0x2 
 .text._etoa    0x0000000010002424      0x408 CMakeFiles/main.dir/home/reinhard/pico/pico-sdk/src/rp2_common/pico_printf/printf.c.obj
 .text._ftoa    0x000000001000282c      0x344 CMakeFiles/main.dir/home/reinhard/pico/pico-sdk/src/rp2_common/pico_printf/printf.c.obj
 .text._vsnprintf
                0x0000000010002b70      0x61c CMakeFiles/main.dir/home/reinhard/pico/pico-sdk/src/rp2_common/pico_printf/printf.c.obj
 .text.vfctprintf
                0x000000001000318c       0x20 CMakeFiles/main.dir/home/reinhard/pico/pico-sdk/src/rp2_common/pico_printf/printf.c.obj
                0x000000001000318c                vfctprintf
 .text          0x00000000100031ac       0x10 CMakeFiles/main.dir/home/reinhard/pico/pico-sdk/src/rp2_common/pico_bit_ops/bit_ops_aeabi.S.obj
 .text.rom_func_lookup
                0x00000000100031bc       0x10 CMakeFiles/main.dir/home/reinhard/pico/pico-sdk/src/rp2_common/pico_bootrom/bootrom.c.obj
                0x00000000100031bc                rom_func_lookup
 .text.rom_data_lookup
                0x00000000100031cc       0x10 CMakeFiles/main.dir/home/reinhard/pico/pico-sdk/src/rp2_common/pico_bootrom/bootrom.c.obj
                0x00000000100031cc                rom_data_lookup
 .text.rom_funcs_lookup
                0x00000000100031dc       0x36 CMakeFiles/main.dir/home/reinhard/pico/pico-sdk/src/rp2_common/pico_bootrom/bootrom.c.obj
                0x00000000100031dc                rom_funcs_lookup
 *fill*         0x0000000010003212        0x2 
 .text.__wrap___aeabi_idiv
                0x0000000010003214       0x50 CMakeFiles/main.dir/home/reinhard/pico/pico-sdk/src/rp2_common/pico_divider/divider.S.obj
                0x0000000010003214                __wrap___aeabi_idivmod
                0x0000000010003214                divmod_s32s32
                0x0000000010003214                div_s32s32
                0x0000000010003214                __wrap___aeabi_idiv
                0x000000001000321c                divmod_s32s32_unsafe
                0x0000000010003248                divmod_s32s32_savestate
 .text.__wrap___aeabi_uidiv
                0x0000000010003264       0x4c CMakeFiles/main.dir/home/reinhard/pico/pico-sdk/src/rp2_common/pico_divider/divider.S.obj
                0x0000000010003264                __wrap___aeabi_uidiv
                0x0000000010003264                __wrap___aeabi_uidivmod
                0x0000000010003264                div_u32u32
                0x0000000010003264                divmod_u32u32
                0x000000001000326c                divmod_u32u32_unsafe
                0x0000000010003294                divmod_u32u32_savestate
 .text.__wrap___aeabi_ldiv
                0x00000000100032b0      0x434 CMakeFiles/main.dir/home/reinhard/pico/pico-sdk/src/rp2_common/pico_divider/divider.S.obj
                0x00000000100032b0                div_s64s64
                0x00000000100032b0                divmod_s64s64
                0x00000000100032b0                __wrap___aeabi_ldivmod
                0x00000000100032e8                div_u64u64
                0x00000000100032e8                divmod_u64u64
                0x00000000100032e8                __wrap___aeabi_uldivmod
                0x00000000100032f8                divmod_u64u64_savestate
                0x0000000010003320                divmod_s64s64_unsafe
                0x00000000100033a8                divmod_u64u64_unsafe
 .text.__wrap___aeabi_darithmetic
                0x00000000100036e4       0x80 CMakeFiles/main.dir/home/reinhard/pico/pico-sdk/src/rp2_common/pico_double/double_aeabi.S.obj
                0x00000000100036e4                __wrap___aeabi_drsub
                0x00000000100036ea                __wrap___aeabi_dsub
                0x00000000100036fc                __wrap___aeabi_dadd
                0x000000001000370e                __wrap___aeabi_ddiv
                0x000000001000374a                __wrap___aeabi_dmul
 .text.__wrap___aeabi_cdcmple
                0x0000000010003764       0x6c CMakeFiles/main.dir/home/reinhard/pico/pico-sdk/src/rp2_common/pico_double/double_aeabi.S.obj
                0x0000000010003764                __wrap___aeabi_cdrcmple
                0x0000000010003774                __wrap___aeabi_cdcmple
                0x0000000010003774                __wrap___aeabi_cdcmpeq
 .text.__wrap___aeabi_dcmplt
                0x00000000100037d0        0xc CMakeFiles/main.dir/home/reinhard/pico/pico-sdk/src/rp2_common/pico_double/double_aeabi.S.obj
                0x00000000100037d0                __wrap___aeabi_dcmplt
 .text.__wrap___aeabi_dcmple
                0x00000000100037dc       0x10 CMakeFiles/main.dir/home/reinhard/pico/pico-sdk/src/rp2_common/pico_double/double_aeabi.S.obj
                0x00000000100037dc                __wrap___aeabi_dcmple
 .text.__wrap___aeabi_dcmpge
                0x00000000100037ec       0x10 CMakeFiles/main.dir/home/reinhard/pico/pico-sdk/src/rp2_common/pico_double/double_aeabi.S.obj
                0x00000000100037ec                __wrap___aeabi_dcmpge
 .text.__wrap___aeabi_dcmpgt
                0x00000000100037fc        0xa CMakeFiles/main.dir/home/reinhard/pico/pico-sdk/src/rp2_common/pico_double/double_aeabi.S.obj
                0x00000000100037fc                __wrap___aeabi_dcmpgt
 .text.__wrap___aeabi_dcmpun
                0x0000000010003806       0x1c CMakeFiles/main.dir/home/reinhard/pico/pico-sdk/src/rp2_common/pico_double/double_aeabi.S.obj
                0x0000000010003806                __wrap___aeabi_dcmpun
 *fill*         0x0000000010003822        0x2 
 .text.__wrap___aeabi_i2d
                0x0000000010003824       0x38 CMakeFiles/main.dir/home/reinhard/pico/pico-sdk/src/rp2_common/pico_double/double_aeabi.S.obj
                0x0000000010003824                __wrap___aeabi_ui2d
                0x000000001000382c                __wrap___aeabi_i2d
 .text.__wrap___aeabi_d2iz
                0x000000001000385c       0x48 CMakeFiles/main.dir/home/reinhard/pico/pico-sdk/src/rp2_common/pico_double/double_aeabi.S.obj
                0x000000001000385c                __wrap___aeabi_d2iz
                0x000000001000385c                double2int_z
 .text.__wrap___aeabi_d2uiz
                0x00000000100038a4       0x18 CMakeFiles/main.dir/home/reinhard/pico/pico-sdk/src/rp2_common/pico_double/double_aeabi.S.obj
                0x00000000100038a4                double2uint
                0x00000000100038a4                __wrap___aeabi_d2uiz
 .text.__aeabi_double_init
                0x00000000100038bc       0xc8 CMakeFiles/main.dir/home/reinhard/pico/pico-sdk/src/rp2_common/pico_double/double_init_rom.c.obj
                0x00000000100038bc                __aeabi_double_init
 .text.double_table_shim_on_use_helper
                0x0000000010003984       0x34 CMakeFiles/main.dir/home/reinhard/pico/pico-sdk/src/rp2_common/pico_double/double_v1_rom_shim.S.obj
                0x0000000010003984                double_table_shim_on_use_helper
 .text.__wrap___aeabi_dsub
                0x00000000100039b8       0x10 CMakeFiles/main.dir/home/reinhard/pico/pico-sdk/src/rp2_common/pico_double/double_v1_rom_shim.S.obj
                0x00000000100039b8                drsub_shim
                0x00000000100039be                dsub_shim
 .text.dadd_shim
                0x00000000100039c8      0x15c CMakeFiles/main.dir/home/reinhard/pico/pico-sdk/src/rp2_common/pico_double/double_v1_rom_shim.S.obj
                0x00000000100039c8                dadd_shim
 .text.dmul_shim
                0x0000000010003b24      0x15c CMakeFiles/main.dir/home/reinhard/pico/pico-sdk/src/rp2_common/pico_double/double_v1_rom_shim.S.obj
                0x0000000010003b24                dmul_shim
 .text.ddiv_shim
                0x0000000010003c80      0x1b0 CMakeFiles/main.dir/home/reinhard/pico/pico-sdk/src/rp2_common/pico_double/double_v1_rom_shim.S.obj
                0x0000000010003c80                ddiv_shim
 .text.double2uint_shim
                0x0000000010003e30        0xe CMakeFiles/main.dir/home/reinhard/pico/pico-sdk/src/rp2_common/pico_double/double_v1_rom_shim.S.obj
                0x0000000010003e30                double2uint_shim
                0x0000000010003e32                double2ufix_shim
 *fill*         0x0000000010003e3e        0x2 
 .text.double2uint64_shim
                0x0000000010003e40       0x70 CMakeFiles/main.dir/home/reinhard/pico/pico-sdk/src/rp2_common/pico_double/double_v1_rom_shim.S.obj
                0x0000000010003e40                double2uint64_shim
                0x0000000010003e42                double2ufix64_shim
                0x0000000010003e62                d2fix_a
 .text.dunpacks
                0x0000000010003eb0       0x3c CMakeFiles/main.dir/home/reinhard/pico/pico-sdk/src/rp2_common/pico_double/double_v1_rom_shim.S.obj
                0x0000000010003eb0                dunpacks
 .text.__aeabi_lmul
                0x0000000010003eec       0x32 CMakeFiles/main.dir/home/reinhard/pico/pico-sdk/src/rp2_common/pico_int64_ops/pico_int64_ops_aeabi.S.obj
                0x0000000010003eec                __wrap___aeabi_lmul
 *fill*         0x0000000010003f1e        0x2 
 .text.__aeabi_float_init
                0x0000000010003f20       0xfc CMakeFiles/main.dir/home/reinhard/pico/pico-sdk/src/rp2_common/pico_float/float_init_rom.c.obj
                0x0000000010003f20                __aeabi_float_init
 .text.float_table_shim_on_use_helper
                0x000000001000401c       0x34 CMakeFiles/main.dir/home/reinhard/pico/pico-sdk/src/rp2_common/pico_float/float_v1_rom_shim.S.obj
                0x000000001000401c                float_table_shim_on_use_helper
 .text          0x0000000010004050       0x10 CMakeFiles/main.dir/home/reinhard/pico/pico-sdk/src/rp2_common/pico_mem_ops/mem_ops_aeabi.S.obj
                0x0000000010004050                __aeabi_mem_init
 .text.memset   0x0000000010004060        0xc CMakeFiles/main.dir/home/reinhard/pico/pico-sdk/src/rp2_common/pico_mem_ops/mem_ops_aeabi.S.obj
                0x0000000010004060                __wrap_memset
 .text.memcpy   0x000000001000406c        0xc CMakeFiles/main.dir/home/reinhard/pico/pico-sdk/src/rp2_common/pico_mem_ops/mem_ops_aeabi.S.obj
                0x000000001000406c                __wrap___aeabi_memcpy
                0x000000001000406c                __wrap_memcpy
 .text.stdio_out_chars_no_crlf
                0x0000000010004078        0xe CMakeFiles/main.dir/home/reinhard/pico/pico-sdk/src/rp2_common/pico_stdio/stdio.c.obj
 *fill*         0x0000000010004086        0x2 
 .text.stdio_out_chars_crlf
                0x0000000010004088       0x80 CMakeFiles/main.dir/home/reinhard/pico/pico-sdk/src/rp2_common/pico_stdio/stdio.c.obj
 .text.stdio_stack_buffer_flush
                0x0000000010004108       0x44 CMakeFiles/main.dir/home/reinhard/pico/pico-sdk/src/rp2_common/pico_stdio/stdio.c.obj
 .text.stdio_buffered_printer
                0x000000001000414c       0x20 CMakeFiles/main.dir/home/reinhard/pico/pico-sdk/src/rp2_common/pico_stdio/stdio.c.obj
 .text.stdout_serialize_begin
                0x000000001000416c       0x30 CMakeFiles/main.dir/home/reinhard/pico/pico-sdk/src/rp2_common/pico_stdio/stdio.c.obj
                0x000000001000416c                stdout_serialize_begin
 .text.stdout_serialize_end
                0x000000001000419c       0x10 CMakeFiles/main.dir/home/reinhard/pico/pico-sdk/src/rp2_common/pico_stdio/stdio.c.obj
                0x000000001000419c                stdout_serialize_end
 .text.stdio_put_string
                0x00000000100041ac       0x94 CMakeFiles/main.dir/home/reinhard/pico/pico-sdk/src/rp2_common/pico_stdio/stdio.c.obj
 .text.stdio_set_driver_enabled
                0x0000000010004240       0x38 CMakeFiles/main.dir/home/reinhard/pico/pico-sdk/src/rp2_common/pico_stdio/stdio.c.obj
                0x0000000010004240                stdio_set_driver_enabled
 .text.stdio_flush
                0x0000000010004278       0x20 CMakeFiles/main.dir/home/reinhard/pico/pico-sdk/src/rp2_common/pico_stdio/stdio.c.obj
                0x0000000010004278                stdio_flush
 .text.__wrap_puts
                0x0000000010004298       0x1e CMakeFiles/main.dir/home/reinhard/pico/pico-sdk/src/rp2_common/pico_stdio/stdio.c.obj
                0x0000000010004298                __wrap_puts
 *fill*         0x00000000100042b6        0x2 
 .text.__wrap_vprintf
                0x00000000100042b8       0x44 CMakeFiles/main.dir/home/reinhard/pico/pico-sdk/src/rp2_common/pico_stdio/stdio.c.obj
                0x00000000100042b8                __wrap_vprintf
 .text.__wrap_printf
                0x00000000100042fc       0x18 CMakeFiles/main.dir/home/reinhard/pico/pico-sdk/src/rp2_common/pico_stdio/stdio.c.obj
                0x00000000100042fc                __wrap_printf
 .text.stdio_init_all
                0x0000000010004314        0x8 CMakeFiles/main.dir/home/reinhard/pico/pico-sdk/src/rp2_common/pico_stdio/stdio.c.obj
                0x0000000010004314                stdio_init_all
 .text.resetd_init
                0x000000001000431c        0x2 CMakeFiles/main.dir/home/reinhard/pico/pico-sdk/src/rp2_common/pico_stdio_usb/reset_interface.c.obj
 *fill*         0x000000001000431e        0x2 
 .text.resetd_reset
                0x0000000010004320        0xc CMakeFiles/main.dir/home/reinhard/pico/pico-sdk/src/rp2_common/pico_stdio_usb/reset_interface.c.obj
 .text.resetd_open
                0x000000001000432c       0x34 CMakeFiles/main.dir/home/reinhard/pico/pico-sdk/src/rp2_common/pico_stdio_usb/reset_interface.c.obj
 .text.resetd_xfer_cb
                0x0000000010004360        0x4 CMakeFiles/main.dir/home/reinhard/pico/pico-sdk/src/rp2_common/pico_stdio_usb/reset_interface.c.obj
 .text.resetd_control_xfer_cb
                0x0000000010004364       0x6c CMakeFiles/main.dir/home/reinhard/pico/pico-sdk/src/rp2_common/pico_stdio_usb/reset_interface.c.obj
 .text.usbd_app_driver_get_cb
                0x00000000100043d0        0xc CMakeFiles/main.dir/home/reinhard/pico/pico-sdk/src/rp2_common/pico_stdio_usb/reset_interface.c.obj
                0x00000000100043d0                usbd_app_driver_get_cb
 .text.tud_cdc_line_coding_cb
                0x00000000100043dc       0x34 CMakeFiles/main.dir/home/reinhard/pico/pico-sdk/src/rp2_common/pico_stdio_usb/reset_interface.c.obj
                0x00000000100043dc                tud_cdc_line_coding_cb
 .text.stdio_usb_in_chars
                0x0000000010004410       0x70 CMakeFiles/main.dir/home/reinhard/pico/pico-sdk/src/rp2_common/pico_stdio_usb/stdio_usb.c.obj
                0x0000000010004410                stdio_usb_in_chars
 .text.low_priority_worker_irq
                0x0000000010004480       0x20 CMakeFiles/main.dir/home/reinhard/pico/pico-sdk/src/rp2_common/pico_stdio_usb/stdio_usb.c.obj
 .text.stdio_usb_out_chars
                0x00000000100044a0       0xd4 CMakeFiles/main.dir/home/reinhard/pico/pico-sdk/src/rp2_common/pico_stdio_usb/stdio_usb.c.obj
 .text.timer_task
                0x0000000010004574       0x10 CMakeFiles/main.dir/home/reinhard/pico/pico-sdk/src/rp2_common/pico_stdio_usb/stdio_usb.c.obj
 .text.stdio_usb_init
                0x0000000010004584       0xb4 CMakeFiles/main.dir/home/reinhard/pico/pico-sdk/src/rp2_common/pico_stdio_usb/stdio_usb.c.obj
                0x0000000010004584                stdio_usb_init
 .text.tud_descriptor_device_cb
                0x0000000010004638        0x8 CMakeFiles/main.dir/home/reinhard/pico/pico-sdk/src/rp2_common/pico_stdio_usb/stdio_usb_descriptors.c.obj
                0x0000000010004638                tud_descriptor_device_cb
 .text.tud_descriptor_configuration_cb
                0x0000000010004640        0x8 CMakeFiles/main.dir/home/reinhard/pico/pico-sdk/src/rp2_common/pico_stdio_usb/stdio_usb_descriptors.c.obj
                0x0000000010004640                tud_descriptor_configuration_cb
 .text.tud_descriptor_string_cb
                0x0000000010004648       0x6c CMakeFiles/main.dir/home/reinhard/pico/pico-sdk/src/rp2_common/pico_stdio_usb/stdio_usb_descriptors.c.obj
                0x0000000010004648                tud_descriptor_string_cb
 .text.hw_endpoint_get_by_addr
                0x00000000100046b4       0x18 CMakeFiles/main.dir/home/reinhard/pico/pico-sdk/lib/tinyusb/src/portable/raspberrypi/rp2040/dcd_rp2040.c.obj
 .text.reset_ep0_pid
                0x00000000100046cc       0x28 CMakeFiles/main.dir/home/reinhard/pico/pico-sdk/lib/tinyusb/src/portable/raspberrypi/rp2040/dcd_rp2040.c.obj
 .text._hw_endpoint_alloc
                0x00000000100046f4       0x70 CMakeFiles/main.dir/home/reinhard/pico/pico-sdk/lib/tinyusb/src/portable/raspberrypi/rp2040/dcd_rp2040.c.obj
 .text.hw_endpoint_init
                0x0000000010004764       0x88 CMakeFiles/main.dir/home/reinhard/pico/pico-sdk/lib/tinyusb/src/portable/raspberrypi/rp2040/dcd_rp2040.c.obj
 .text.reset_non_control_endpoints
                0x00000000100047ec       0x40 CMakeFiles/main.dir/home/reinhard/pico/pico-sdk/lib/tinyusb/src/portable/raspberrypi/rp2040/dcd_rp2040.c.obj
 .text.hw_handle_buff_status
                0x000000001000482c       0x8c CMakeFiles/main.dir/home/reinhard/pico/pico-sdk/lib/tinyusb/src/portable/raspberrypi/rp2040/dcd_rp2040.c.obj
 .text.dcd_rp2040_irq
                0x00000000100048b8       0xbc CMakeFiles/main.dir/home/reinhard/pico/pico-sdk/lib/tinyusb/src/portable/raspberrypi/rp2040/dcd_rp2040.c.obj
 .text.hw_endpoint_xfer
                0x0000000010004974       0x14 CMakeFiles/main.dir/home/reinhard/pico/pico-sdk/lib/tinyusb/src/portable/raspberrypi/rp2040/dcd_rp2040.c.obj
 .text.dcd_int_enable
                0x0000000010004988       0x2c CMakeFiles/main.dir/home/reinhard/pico/pico-sdk/lib/tinyusb/src/portable/raspberrypi/rp2040/dcd_rp2040.c.obj
                0x0000000010004988                dcd_int_enable
 .text.dcd_set_address
                0x00000000100049b4       0x2c CMakeFiles/main.dir/home/reinhard/pico/pico-sdk/lib/tinyusb/src/portable/raspberrypi/rp2040/dcd_rp2040.c.obj
                0x00000000100049b4                dcd_set_address
 .text.dcd_connect
                0x00000000100049e0       0x10 CMakeFiles/main.dir/home/reinhard/pico/pico-sdk/lib/tinyusb/src/portable/raspberrypi/rp2040/dcd_rp2040.c.obj
                0x00000000100049e0                dcd_connect
 .text.dcd_init
                0x00000000100049f0       0x7c CMakeFiles/main.dir/home/reinhard/pico/pico-sdk/lib/tinyusb/src/portable/raspberrypi/rp2040/dcd_rp2040.c.obj
                0x00000000100049f0                dcd_init
 .text.dcd_edpt0_status_complete
                0x0000000010004a6c       0x1c CMakeFiles/main.dir/home/reinhard/pico/pico-sdk/lib/tinyusb/src/portable/raspberrypi/rp2040/dcd_rp2040.c.obj
                0x0000000010004a6c                dcd_edpt0_status_complete
 .text.dcd_edpt_open
                0x0000000010004a88       0x40 CMakeFiles/main.dir/home/reinhard/pico/pico-sdk/lib/tinyusb/src/portable/raspberrypi/rp2040/dcd_rp2040.c.obj
                0x0000000010004a88                dcd_edpt_open
 .text.dcd_edpt_close_all
                0x0000000010004ac8        0x8 CMakeFiles/main.dir/home/reinhard/pico/pico-sdk/lib/tinyusb/src/portable/raspberrypi/rp2040/dcd_rp2040.c.obj
                0x0000000010004ac8                dcd_edpt_close_all
 .text.dcd_edpt_xfer
                0x0000000010004ad0       0x30 CMakeFiles/main.dir/home/reinhard/pico/pico-sdk/lib/tinyusb/src/portable/raspberrypi/rp2040/dcd_rp2040.c.obj
                0x0000000010004ad0                dcd_edpt_xfer
 .text.dcd_edpt_stall
                0x0000000010004b00       0x2c CMakeFiles/main.dir/home/reinhard/pico/pico-sdk/lib/tinyusb/src/portable/raspberrypi/rp2040/dcd_rp2040.c.obj
                0x0000000010004b00                dcd_edpt_stall
 .text.dcd_edpt_clear_stall
                0x0000000010004b2c       0x20 CMakeFiles/main.dir/home/reinhard/pico/pico-sdk/lib/tinyusb/src/portable/raspberrypi/rp2040/dcd_rp2040.c.obj
                0x0000000010004b2c                dcd_edpt_clear_stall
 .text.prepare_ep_buffer
                0x0000000010004b4c       0x70 CMakeFiles/main.dir/home/reinhard/pico/pico-sdk/lib/tinyusb/src/portable/raspberrypi/rp2040/rp2040_usb.c.obj
 .text.sync_ep_buffer
                0x0000000010004bbc       0x7c CMakeFiles/main.dir/home/reinhard/pico/pico-sdk/lib/tinyusb/src/portable/raspberrypi/rp2040/rp2040_usb.c.obj
 .text._hw_endpoint_xfer_sync
                0x0000000010004c38       0x28 CMakeFiles/main.dir/home/reinhard/pico/pico-sdk/lib/tinyusb/src/portable/raspberrypi/rp2040/rp2040_usb.c.obj
 .text.rp2040_usb_init
                0x0000000010004c60       0x4c CMakeFiles/main.dir/home/reinhard/pico/pico-sdk/lib/tinyusb/src/portable/raspberrypi/rp2040/rp2040_usb.c.obj
                0x0000000010004c60                rp2040_usb_init
 .text.hw_endpoint_reset_transfer
                0x0000000010004cac        0xc CMakeFiles/main.dir/home/reinhard/pico/pico-sdk/lib/tinyusb/src/portable/raspberrypi/rp2040/rp2040_usb.c.obj
                0x0000000010004cac                hw_endpoint_reset_transfer
 .text._hw_endpoint_buffer_control_update32
                0x0000000010004cb8       0x58 CMakeFiles/main.dir/home/reinhard/pico/pico-sdk/lib/tinyusb/src/portable/raspberrypi/rp2040/rp2040_usb.c.obj
                0x0000000010004cb8                _hw_endpoint_buffer_control_update32
 .text._hw_endpoint_start_next_buffer
                0x0000000010004d10       0x74 CMakeFiles/main.dir/home/reinhard/pico/pico-sdk/lib/tinyusb/src/portable/raspberrypi/rp2040/rp2040_usb.c.obj
 .text.hw_endpoint_xfer_start
                0x0000000010004d84       0x48 CMakeFiles/main.dir/home/reinhard/pico/pico-sdk/lib/tinyusb/src/portable/raspberrypi/rp2040/rp2040_usb.c.obj
                0x0000000010004d84                hw_endpoint_xfer_start
 .text.hw_endpoint_xfer_continue
                0x0000000010004dcc       0x38 CMakeFiles/main.dir/home/reinhard/pico/pico-sdk/lib/tinyusb/src/portable/raspberrypi/rp2040/rp2040_usb.c.obj
                0x0000000010004dcc                hw_endpoint_xfer_continue
 .text.configuration_reset
                0x0000000010004e04       0x84 CMakeFiles/main.dir/home/reinhard/pico/pico-sdk/lib/tinyusb/src/device/usbd.c.obj
 .text.usbd_reset
                0x0000000010004e88        0xc CMakeFiles/main.dir/home/reinhard/pico/pico-sdk/lib/tinyusb/src/device/usbd.c.obj
 .text.invoke_class_control
                0x0000000010004e94       0x1a CMakeFiles/main.dir/home/reinhard/pico/pico-sdk/lib/tinyusb/src/device/usbd.c.obj
 *fill*         0x0000000010004eae        0x2 
 .text.process_set_config
                0x0000000010004eb0      0x1a8 CMakeFiles/main.dir/home/reinhard/pico/pico-sdk/lib/tinyusb/src/device/usbd.c.obj
 .text.process_get_descriptor
                0x0000000010005058       0xf8 CMakeFiles/main.dir/home/reinhard/pico/pico-sdk/lib/tinyusb/src/device/usbd.c.obj
 .text.tud_mounted
                0x0000000010005150       0x10 CMakeFiles/main.dir/home/reinhard/pico/pico-sdk/lib/tinyusb/src/device/usbd.c.obj
                0x0000000010005150                tud_mounted
 .text.tud_suspended
                0x0000000010005160       0x10 CMakeFiles/main.dir/home/reinhard/pico/pico-sdk/lib/tinyusb/src/device/usbd.c.obj
                0x0000000010005160                tud_suspended
 .text.tud_inited
                0x0000000010005170        0xc CMakeFiles/main.dir/home/reinhard/pico/pico-sdk/lib/tinyusb/src/device/usbd.c.obj
                0x0000000010005170                tud_inited
 .text.tud_init
                0x000000001000517c       0xcc CMakeFiles/main.dir/home/reinhard/pico/pico-sdk/lib/tinyusb/src/device/usbd.c.obj
                0x000000001000517c                tud_init
 .text.dcd_event_handler
                0x0000000010005248      0x1e0 CMakeFiles/main.dir/home/reinhard/pico/pico-sdk/lib/tinyusb/src/device/usbd.c.obj
                0x0000000010005248                dcd_event_handler
 .text.dcd_event_bus_signal
                0x0000000010005428       0x28 CMakeFiles/main.dir/home/reinhard/pico/pico-sdk/lib/tinyusb/src/device/usbd.c.obj
                0x0000000010005428                dcd_event_bus_signal
 .text.dcd_event_bus_reset
                0x0000000010005450       0x2c CMakeFiles/main.dir/home/reinhard/pico/pico-sdk/lib/tinyusb/src/device/usbd.c.obj
                0x0000000010005450                dcd_event_bus_reset
 .text.dcd_event_setup_received
                0x000000001000547c       0x34 CMakeFiles/main.dir/home/reinhard/pico/pico-sdk/lib/tinyusb/src/device/usbd.c.obj
                0x000000001000547c                dcd_event_setup_received
 .text.dcd_event_xfer_complete
                0x00000000100054b0       0x46 CMakeFiles/main.dir/home/reinhard/pico/pico-sdk/lib/tinyusb/src/device/usbd.c.obj
                0x00000000100054b0                dcd_event_xfer_complete
 *fill*         0x00000000100054f6        0x2 
 .text.usbd_edpt_open
                0x00000000100054f8       0x58 CMakeFiles/main.dir/home/reinhard/pico/pico-sdk/lib/tinyusb/src/device/usbd.c.obj
                0x00000000100054f8                usbd_edpt_open
 .text.usbd_open_edpt_pair
                0x0000000010005550       0x8c CMakeFiles/main.dir/home/reinhard/pico/pico-sdk/lib/tinyusb/src/device/usbd.c.obj
                0x0000000010005550                usbd_open_edpt_pair
 .text.usbd_edpt_claim
                0x00000000100055dc       0x88 CMakeFiles/main.dir/home/reinhard/pico/pico-sdk/lib/tinyusb/src/device/usbd.c.obj
                0x00000000100055dc                usbd_edpt_claim
 .text.usbd_edpt_release
                0x0000000010005664       0x68 CMakeFiles/main.dir/home/reinhard/pico/pico-sdk/lib/tinyusb/src/device/usbd.c.obj
                0x0000000010005664                usbd_edpt_release
 .text.usbd_edpt_xfer
                0x00000000100056cc       0x80 CMakeFiles/main.dir/home/reinhard/pico/pico-sdk/lib/tinyusb/src/device/usbd.c.obj
                0x00000000100056cc                usbd_edpt_xfer
 .text.usbd_edpt_stall
                0x000000001000574c       0x40 CMakeFiles/main.dir/home/reinhard/pico/pico-sdk/lib/tinyusb/src/device/usbd.c.obj
                0x000000001000574c                usbd_edpt_stall
 .text.usbd_edpt_clear_stall
                0x000000001000578c       0x40 CMakeFiles/main.dir/home/reinhard/pico/pico-sdk/lib/tinyusb/src/device/usbd.c.obj
                0x000000001000578c                usbd_edpt_clear_stall
 .text.usbd_edpt_stalled
                0x00000000100057cc       0x1c CMakeFiles/main.dir/home/reinhard/pico/pico-sdk/lib/tinyusb/src/device/usbd.c.obj
                0x00000000100057cc                usbd_edpt_stalled
 .text.process_control_request
                0x00000000100057e8      0x3bc CMakeFiles/main.dir/home/reinhard/pico/pico-sdk/lib/tinyusb/src/device/usbd.c.obj
 .text.tud_task
                0x0000000010005ba4      0x218 CMakeFiles/main.dir/home/reinhard/pico/pico-sdk/lib/tinyusb/src/device/usbd.c.obj
                0x0000000010005ba4                tud_task
 .text._data_stage_xact
                0x0000000010005dbc       0x58 CMakeFiles/main.dir/home/reinhard/pico/pico-sdk/lib/tinyusb/src/device/usbd_control.c.obj
 .text.tud_control_status
                0x0000000010005e14       0x38 CMakeFiles/main.dir/home/reinhard/pico/pico-sdk/lib/tinyusb/src/device/usbd_control.c.obj
                0x0000000010005e14                tud_control_status
 .text.tud_control_xfer
                0x0000000010005e4c       0xa4 CMakeFiles/main.dir/home/reinhard/pico/pico-sdk/lib/tinyusb/src/device/usbd_control.c.obj
                0x0000000010005e4c                tud_control_xfer
 .text.usbd_control_reset
                0x0000000010005ef0       0x14 CMakeFiles/main.dir/home/reinhard/pico/pico-sdk/lib/tinyusb/src/device/usbd_control.c.obj
                0x0000000010005ef0                usbd_control_reset
 .text.usbd_control_set_complete_callback
                0x0000000010005f04        0xc CMakeFiles/main.dir/home/reinhard/pico/pico-sdk/lib/tinyusb/src/device/usbd_control.c.obj
                0x0000000010005f04                usbd_control_set_complete_callback
 .text.usbd_control_set_request
                0x0000000010005f10       0x1c CMakeFiles/main.dir/home/reinhard/pico/pico-sdk/lib/tinyusb/src/device/usbd_control.c.obj
                0x0000000010005f10                usbd_control_set_request
 .text.usbd_control_xfer_cb
                0x0000000010005f2c       0xfc CMakeFiles/main.dir/home/reinhard/pico/pico-sdk/lib/tinyusb/src/device/usbd_control.c.obj
                0x0000000010005f2c                usbd_control_xfer_cb
 .text._prep_out_transaction
                0x0000000010006028       0x46 CMakeFiles/main.dir/home/reinhard/pico/pico-sdk/lib/tinyusb/src/class/cdc/cdc_device.c.obj
 *fill*         0x000000001000606e        0x2 
 .text.tud_cdc_n_connected
                0x0000000010006070       0x44 CMakeFiles/main.dir/home/reinhard/pico/pico-sdk/lib/tinyusb/src/class/cdc/cdc_device.c.obj
                0x0000000010006070                tud_cdc_n_connected
 .text.tud_cdc_n_available
                0x00000000100060b4       0x18 CMakeFiles/main.dir/home/reinhard/pico/pico-sdk/lib/tinyusb/src/class/cdc/cdc_device.c.obj
                0x00000000100060b4                tud_cdc_n_available
 .text.tud_cdc_n_read
                0x00000000100060cc       0x28 CMakeFiles/main.dir/home/reinhard/pico/pico-sdk/lib/tinyusb/src/class/cdc/cdc_device.c.obj
                0x00000000100060cc                tud_cdc_n_read
 .text.tud_cdc_n_write_flush
                0x00000000100060f4       0xcc CMakeFiles/main.dir/home/reinhard/pico/pico-sdk/lib/tinyusb/src/class/cdc/cdc_device.c.obj
                0x00000000100060f4                tud_cdc_n_write_flush
 .text.tud_cdc_n_write
                0x00000000100061c0       0x38 CMakeFiles/main.dir/home/reinhard/pico/pico-sdk/lib/tinyusb/src/class/cdc/cdc_device.c.obj
                0x00000000100061c0                tud_cdc_n_write
 .text.tud_cdc_n_write_available
                0x00000000100061f8       0x1c CMakeFiles/main.dir/home/reinhard/pico/pico-sdk/lib/tinyusb/src/class/cdc/cdc_device.c.obj
                0x00000000100061f8                tud_cdc_n_write_available
 .text.cdcd_init
                0x0000000010006214       0xb8 CMakeFiles/main.dir/home/reinhard/pico/pico-sdk/lib/tinyusb/src/class/cdc/cdc_device.c.obj
                0x0000000010006214                cdcd_init
 .text.cdcd_reset
                0x00000000100062cc       0x44 CMakeFiles/main.dir/home/reinhard/pico/pico-sdk/lib/tinyusb/src/class/cdc/cdc_device.c.obj
                0x00000000100062cc                cdcd_reset
 .text.cdcd_open
                0x0000000010006310       0xf8 CMakeFiles/main.dir/home/reinhard/pico/pico-sdk/lib/tinyusb/src/class/cdc/cdc_device.c.obj
                0x0000000010006310                cdcd_open
 .text.cdcd_control_xfer_cb
                0x0000000010006408      0x134 CMakeFiles/main.dir/home/reinhard/pico/pico-sdk/lib/tinyusb/src/class/cdc/cdc_device.c.obj
                0x0000000010006408                cdcd_control_xfer_cb
 .text.cdcd_xfer_cb
                0x000000001000653c      0x13c CMakeFiles/main.dir/home/reinhard/pico/pico-sdk/lib/tinyusb/src/class/cdc/cdc_device.c.obj
                0x000000001000653c                cdcd_xfer_cb
 .text.tusb_init
                0x0000000010006678       0x24 CMakeFiles/main.dir/home/reinhard/pico/pico-sdk/lib/tinyusb/src/tusb.c.obj
                0x0000000010006678                tusb_init
 .text.tusb_inited
                0x000000001000669c        0xe CMakeFiles/main.dir/home/reinhard/pico/pico-sdk/lib/tinyusb/src/tusb.c.obj
                0x000000001000669c                tusb_inited
 *fill*         0x00000000100066aa        0x2 
 .text.tu_edpt_validate
                0x00000000100066ac       0xa8 CMakeFiles/main.dir/home/reinhard/pico/pico-sdk/lib/tinyusb/src/tusb.c.obj
                0x00000000100066ac                tu_edpt_validate
 .text.tu_edpt_bind_driver
                0x0000000010006754       0x2a CMakeFiles/main.dir/home/reinhard/pico/pico-sdk/lib/tinyusb/src/tusb.c.obj
                0x0000000010006754                tu_edpt_bind_driver
 .text.advance_pointer
                0x000000001000677e       0x18 CMakeFiles/main.dir/home/reinhard/pico/pico-sdk/lib/tinyusb/src/common/tusb_fifo.c.obj
 .text.backward_pointer
                0x0000000010006796       0x1e CMakeFiles/main.dir/home/reinhard/pico/pico-sdk/lib/tinyusb/src/common/tusb_fifo.c.obj
 .text.get_relative_pointer
                0x00000000100067b4       0x10 CMakeFiles/main.dir/home/reinhard/pico/pico-sdk/lib/tinyusb/src/common/tusb_fifo.c.obj
 .text._tu_fifo_peek
                0x00000000100067c4       0x4c CMakeFiles/main.dir/home/reinhard/pico/pico-sdk/lib/tinyusb/src/common/tusb_fifo.c.obj
 .text._ff_pull_const_addr
                0x0000000010006810       0x46 CMakeFiles/main.dir/home/reinhard/pico/pico-sdk/lib/tinyusb/src/common/tusb_fifo.c.obj
 .text._ff_pull_n
                0x0000000010006856      0x100 CMakeFiles/main.dir/home/reinhard/pico/pico-sdk/lib/tinyusb/src/common/tusb_fifo.c.obj
 .text._tu_fifo_peek_n
                0x0000000010006956       0x5e CMakeFiles/main.dir/home/reinhard/pico/pico-sdk/lib/tinyusb/src/common/tusb_fifo.c.obj
 .text._tu_fifo_read_n
                0x00000000100069b4       0x4e CMakeFiles/main.dir/home/reinhard/pico/pico-sdk/lib/tinyusb/src/common/tusb_fifo.c.obj
 .text._ff_push_const_addr
                0x0000000010006a02       0x3a CMakeFiles/main.dir/home/reinhard/pico/pico-sdk/lib/tinyusb/src/common/tusb_fifo.c.obj
 .text._ff_push_n
                0x0000000010006a3c       0xfa CMakeFiles/main.dir/home/reinhard/pico/pico-sdk/lib/tinyusb/src/common/tusb_fifo.c.obj
 .text._tu_fifo_write_n
                0x0000000010006b36       0x9e CMakeFiles/main.dir/home/reinhard/pico/pico-sdk/lib/tinyusb/src/common/tusb_fifo.c.obj
 .text.tu_fifo_config
                0x0000000010006bd4       0x72 CMakeFiles/main.dir/home/reinhard/pico/pico-sdk/lib/tinyusb/src/common/tusb_fifo.c.obj
                0x0000000010006bd4                tu_fifo_config
 .text.tu_fifo_count
                0x0000000010006c46       0x24 CMakeFiles/main.dir/home/reinhard/pico/pico-sdk/lib/tinyusb/src/common/tusb_fifo.c.obj
                0x0000000010006c46                tu_fifo_count
 .text.tu_fifo_empty
                0x0000000010006c6a        0xe CMakeFiles/main.dir/home/reinhard/pico/pico-sdk/lib/tinyusb/src/common/tusb_fifo.c.obj
                0x0000000010006c6a                tu_fifo_empty
 .text.tu_fifo_remaining
                0x0000000010006c78       0x20 CMakeFiles/main.dir/home/reinhard/pico/pico-sdk/lib/tinyusb/src/common/tusb_fifo.c.obj
                0x0000000010006c78                tu_fifo_remaining
 .text.tu_fifo_read
                0x0000000010006c98       0x42 CMakeFiles/main.dir/home/reinhard/pico/pico-sdk/lib/tinyusb/src/common/tusb_fifo.c.obj
                0x0000000010006c98                tu_fifo_read
 .text.tu_fifo_read_n
                0x0000000010006cda        0xa CMakeFiles/main.dir/home/reinhard/pico/pico-sdk/lib/tinyusb/src/common/tusb_fifo.c.obj
                0x0000000010006cda                tu_fifo_read_n
 .text.tu_fifo_write
                0x0000000010006ce4       0x6c CMakeFiles/main.dir/home/reinhard/pico/pico-sdk/lib/tinyusb/src/common/tusb_fifo.c.obj
                0x0000000010006ce4                tu_fifo_write
 .text.tu_fifo_write_n
                0x0000000010006d50        0xa CMakeFiles/main.dir/home/reinhard/pico/pico-sdk/lib/tinyusb/src/common/tusb_fifo.c.obj
                0x0000000010006d50                tu_fifo_write_n
 .text.tu_fifo_clear
                0x0000000010006d5a       0x4c CMakeFiles/main.dir/home/reinhard/pico/pico-sdk/lib/tinyusb/src/common/tusb_fifo.c.obj
                0x0000000010006d5a                tu_fifo_clear
 .text.tu_fifo_set_overwritable
                0x0000000010006da6       0x3c CMakeFiles/main.dir/home/reinhard/pico/pico-sdk/lib/tinyusb/src/common/tusb_fifo.c.obj
                0x0000000010006da6                tu_fifo_set_overwritable
 *fill*         0x0000000010006de2        0x2 
 .text._retrieve_unique_id_on_boot
                0x0000000010006de4       0x10 CMakeFiles/main.dir/home/reinhard/pico/pico-sdk/src/rp2_common/pico_unique_id/unique_id.c.obj
 .text.pico_get_unique_board_id_string
                0x0000000010006df4       0x60 CMakeFiles/main.dir/home/reinhard/pico/pico-sdk/src/rp2_common/pico_unique_id/unique_id.c.obj
                0x0000000010006df4                pico_get_unique_board_id_string
 .text.flash_get_unique_id
                0x0000000010006e54       0x40 CMakeFiles/main.dir/home/reinhard/pico/pico-sdk/src/rp2_common/hardware_flash/flash.c.obj
                0x0000000010006e54                flash_get_unique_id
 .text          0x0000000010006e94       0x68 /usr/lib/gcc/arm-none-eabi/8.3.1/../../../arm-none-eabi/lib/thumb/v6-m/nofp/libg.a(lib_a-strlen-stub.o)
                0x0000000010006e94                strlen
 *(.fini)
 .fini          0x0000000010006efc        0x4 /usr/lib/gcc/arm-none-eabi/8.3.1/thumb/v6-m/nofp/crti.o
                0x0000000010006efc                _fini
 .fini.__stub   0x0000000010006f00       0x70 linker stubs
 *crtbegin.o(.ctors)
 *crtbegin?.o(.ctors)
 *(EXCLUDE_FILE(*crtend.o *crtend?.o) .ctors)
 *(SORT_BY_NAME(.ctors.*))
 *(.ctors)
 *crtbegin.o(.dtors)
 *crtbegin?.o(.dtors)
 *(EXCLUDE_FILE(*crtend.o *crtend?.o) .dtors)
 *(SORT_BY_NAME(.dtors.*))
 *(.dtors)
 *(.eh_frame*)
 .eh_frame      0x0000000010006f70        0x0 /usr/lib/gcc/arm-none-eabi/8.3.1/thumb/v6-m/nofp/crtbegin.o
                0x0000000010006f70                . = ALIGN (0x4)

.glue_7         0x0000000010006f70        0x0
 .glue_7        0x0000000010006f70        0x0 linker stubs

.glue_7t        0x0000000010006f70        0x0
 .glue_7t       0x0000000010006f70        0x0 linker stubs

.vfp11_veneer   0x0000000010006f70        0x0
 .vfp11_veneer  0x0000000010006f70        0x0 linker stubs

.v4_bx          0x0000000010006f70        0x0
 .v4_bx         0x0000000010006f70        0x0 linker stubs

.iplt           0x0000000010006f70        0x0
 .iplt          0x0000000010006f70        0x0 /usr/lib/gcc/arm-none-eabi/8.3.1/thumb/v6-m/nofp/crtbegin.o

.rodata         0x0000000010006f70     0x15bc
 *(EXCLUDE_FILE(*libm.a: *libc.a:*lib_a-mem*.o *libgcc.a:) .rodata*)
 .rodata.main.str1.4
                0x0000000010006f70        0xe CMakeFiles/main.dir/main.c.obj
 *fill*         0x0000000010006f7e        0x2 
 .rodata.spin_lock_claim_unused.str1.4
                0x0000000010006f80       0x1b CMakeFiles/main.dir/home/reinhard/pico/pico-sdk/src/rp2_common/hardware_sync/sync.c.obj
 *fill*         0x0000000010006f9b        0x1 
 .rodata.__func__.5751
                0x0000000010006f9c       0x15 CMakeFiles/main.dir/home/reinhard/pico/pico-sdk/src/common/pico_time/time.c.obj
 *fill*         0x0000000010006fb1        0x3 
 .rodata.__func__.6057
                0x0000000010006fb4        0xc CMakeFiles/main.dir/home/reinhard/pico/pico-sdk/src/common/pico_time/time.c.obj
 .rodata.__func__.6064
                0x0000000010006fc0       0x12 CMakeFiles/main.dir/home/reinhard/pico/pico-sdk/src/common/pico_time/time.c.obj
 *fill*         0x0000000010006fd2        0x2 
 .rodata.__func__.6080
                0x0000000010006fd4        0xf CMakeFiles/main.dir/home/reinhard/pico/pico-sdk/src/common/pico_time/time.c.obj
 *fill*         0x0000000010006fe3        0x1 
 .rodata.__func__.6102
                0x0000000010006fe4        0xd CMakeFiles/main.dir/home/reinhard/pico/pico-sdk/src/common/pico_time/time.c.obj
 *fill*         0x0000000010006ff1        0x3 
 .rodata.__func__.6326
                0x0000000010006ff4        0xa CMakeFiles/main.dir/home/reinhard/pico/pico-sdk/src/common/pico_time/time.c.obj
 *fill*         0x0000000010006ffe        0x2 
 .rodata.__func__.6331
                0x0000000010007000       0x12 CMakeFiles/main.dir/home/reinhard/pico/pico-sdk/src/common/pico_time/time.c.obj
 *fill*         0x0000000010007012        0x2 
 .rodata.__func__.6346
                0x0000000010007014       0x17 CMakeFiles/main.dir/home/reinhard/pico/pico-sdk/src/common/pico_time/time.c.obj
 *fill*         0x000000001000702b        0x1 
 .rodata.__func__.6357
                0x000000001000702c       0x15 CMakeFiles/main.dir/home/reinhard/pico/pico-sdk/src/common/pico_time/time.c.obj
 *fill*         0x0000000010007041        0x3 
 .rodata.__func__.6374
                0x0000000010007044       0x1a CMakeFiles/main.dir/home/reinhard/pico/pico-sdk/src/common/pico_time/time.c.obj
 *fill*         0x000000001000705e        0x2 
 .rodata.__func__.6413
                0x0000000010007060       0x18 CMakeFiles/main.dir/home/reinhard/pico/pico-sdk/src/common/pico_time/time.c.obj
 .rodata.add_alarm_under_lock.str1.4
                0x0000000010007078       0x28 CMakeFiles/main.dir/home/reinhard/pico/pico-sdk/src/common/pico_time/time.c.obj
                                         0x2b (size before relaxing)
 .rodata.alarm_pool_alarm_callback.str1.4
                0x00000000100070a0       0xe6 CMakeFiles/main.dir/home/reinhard/pico/pico-sdk/src/common/pico_time/time.c.obj
 *fill*         0x0000000010007186        0x2 
 .rodata.alarm_pool_cancel_alarm.str1.4
                0x0000000010007188       0x27 CMakeFiles/main.dir/home/reinhard/pico/pico-sdk/src/common/pico_time/time.c.obj
 *fill*         0x00000000100071af        0x1 
 .rodata.alarm_pool_dump_key.str1.4
                0x00000000100071b0       0x33 CMakeFiles/main.dir/home/reinhard/pico/pico-sdk/src/common/pico_time/time.c.obj
 *fill*         0x00000000100071e3        0x1 
 .rodata.alarm_pool_get_default.str1.4
                0x00000000100071e4       0x21 CMakeFiles/main.dir/home/reinhard/pico/pico-sdk/src/common/pico_time/time.c.obj
 *fill*         0x0000000010007205        0x3 
 .rodata.ph_add_child_node.str1.4
                0x0000000010007208       0x96 CMakeFiles/main.dir/home/reinhard/pico/pico-sdk/src/common/pico_time/time.c.obj
 *fill*         0x000000001000729e        0x2 
 .rodata.repeating_timer_callback.str1.4
                0x00000000100072a0       0x4d CMakeFiles/main.dir/home/reinhard/pico/pico-sdk/src/common/pico_time/time.c.obj
 *fill*         0x00000000100072ed        0x3 
 .rodata.sleep_until.str1.4
                0x00000000100072f0       0x4d CMakeFiles/main.dir/home/reinhard/pico/pico-sdk/src/common/pico_time/time.c.obj
 *fill*         0x000000001000733d        0x3 
 .rodata.__func__.4609
                0x0000000010007340       0x1a CMakeFiles/main.dir/home/reinhard/pico/pico-sdk/src/rp2_common/hardware_timer/timer.c.obj
 *fill*         0x000000001000735a        0x2 
 .rodata.hardware_alarm_claim.str1.4
                0x000000001000735c       0x22 CMakeFiles/main.dir/home/reinhard/pico/pico-sdk/src/rp2_common/hardware_timer/timer.c.obj
 *fill*         0x000000001000737e        0x2 
 .rodata.hardware_alarm_set_target.str1.4
                0x0000000010007380       0x67 CMakeFiles/main.dir/home/reinhard/pico/pico-sdk/src/rp2_common/hardware_timer/timer.c.obj
 *fill*         0x00000000100073e7        0x1 
 .rodata.__func__.4243
                0x00000000100073e8       0x15 CMakeFiles/main.dir/home/reinhard/pico/pico-sdk/src/common/pico_sync/mutex.c.obj
 *fill*         0x00000000100073fd        0x3 
 .rodata.__func__.4731
                0x0000000010007400       0x18 CMakeFiles/main.dir/home/reinhard/pico/pico-sdk/src/common/pico_sync/mutex.c.obj
 .rodata.__func__.4750
                0x0000000010007418        0xb CMakeFiles/main.dir/home/reinhard/pico/pico-sdk/src/common/pico_sync/mutex.c.obj
 *fill*         0x0000000010007423        0x1 
 .rodata.str1.4
                0x0000000010007424       0x8d CMakeFiles/main.dir/home/reinhard/pico/pico-sdk/src/common/pico_sync/mutex.c.obj
                                         0xf1 (size before relaxing)
 *fill*         0x00000000100074b1        0x3 
 .rodata.__func__.5758
                0x00000000100074b4        0xc CMakeFiles/main.dir/home/reinhard/pico/pico-sdk/src/common/pico_util/pheap.c.obj
 .rodata.__func__.5765
                0x00000000100074c0       0x12 CMakeFiles/main.dir/home/reinhard/pico/pico-sdk/src/common/pico_util/pheap.c.obj
 *fill*         0x00000000100074d2        0x2 
 .rodata.__func__.5851
                0x00000000100074d4       0x13 CMakeFiles/main.dir/home/reinhard/pico/pico-sdk/src/common/pico_util/pheap.c.obj
 *fill*         0x00000000100074e7        0x1 
 .rodata.__func__.5869
                0x00000000100074e8       0x18 CMakeFiles/main.dir/home/reinhard/pico/pico-sdk/src/common/pico_util/pheap.c.obj
 .rodata.ph_add_child_node.str1.4
                0x0000000010007500       0x96 CMakeFiles/main.dir/home/reinhard/pico/pico-sdk/src/common/pico_util/pheap.c.obj
 .rodata.ph_remove_and_free_node.str1.4
                0x0000000010007500       0x26 CMakeFiles/main.dir/home/reinhard/pico/pico-sdk/src/common/pico_util/pheap.c.obj
 *fill*         0x0000000010007526        0x2 
 .rodata.ph_remove_any_head.str1.4
                0x0000000010007528       0x90 CMakeFiles/main.dir/home/reinhard/pico/pico-sdk/src/common/pico_util/pheap.c.obj
 .rodata.__assert_func.str1.4
                0x00000000100075b8       0x3f CMakeFiles/main.dir/home/reinhard/pico/pico-sdk/src/rp2_common/pico_runtime/runtime.c.obj
                                         0x43 (size before relaxing)
 *fill*         0x00000000100075f7        0x1 
 .rodata.__func__.5866
                0x00000000100075f8        0xd CMakeFiles/main.dir/home/reinhard/pico/pico-sdk/src/rp2_common/pico_runtime/runtime.c.obj
 *fill*         0x0000000010007605        0x3 
 .rodata.panic.str1.4
                0x0000000010007608       0x12 CMakeFiles/main.dir/home/reinhard/pico/pico-sdk/src/rp2_common/pico_runtime/runtime.c.obj
 *fill*         0x000000001000761a        0x2 
 .rodata.runtime_init.str1.4
                0x000000001000761c       0x63 CMakeFiles/main.dir/home/reinhard/pico/pico-sdk/src/rp2_common/pico_runtime/runtime.c.obj
 *fill*         0x000000001000767f        0x1 
 .rodata.__func__.4738
                0x0000000010007680       0x10 CMakeFiles/main.dir/home/reinhard/pico/pico-sdk/src/rp2_common/hardware_clocks/clocks.c.obj
 .rodata.clock_configure.str1.4
                0x0000000010007690       0x59 CMakeFiles/main.dir/home/reinhard/pico/pico-sdk/src/rp2_common/hardware_clocks/clocks.c.obj
 *fill*         0x00000000100076e9        0x3 
 .rodata.__func__.4783
                0x00000000100076ec       0x1a CMakeFiles/main.dir/home/reinhard/pico/pico-sdk/src/rp2_common/hardware_irq/irq.c.obj
 *fill*         0x0000000010007706        0x2 
 .rodata.__func__.4797
                0x0000000010007708        0xc CMakeFiles/main.dir/home/reinhard/pico/pico-sdk/src/rp2_common/hardware_irq/irq.c.obj
 .rodata.__func__.4805
                0x0000000010007714       0x17 CMakeFiles/main.dir/home/reinhard/pico/pico-sdk/src/rp2_common/hardware_irq/irq.c.obj
 *fill*         0x000000001000772b        0x1 
 .rodata.__func__.4809
                0x000000001000772c        0xf CMakeFiles/main.dir/home/reinhard/pico/pico-sdk/src/rp2_common/hardware_irq/irq.c.obj
 *fill*         0x000000001000773b        0x1 
 .rodata.__func__.4848
                0x000000001000773c       0x13 CMakeFiles/main.dir/home/reinhard/pico/pico-sdk/src/rp2_common/hardware_irq/irq.c.obj
 *fill*         0x000000001000774f        0x1 
 .rodata.__func__.4871
                0x0000000010007750       0x1a CMakeFiles/main.dir/home/reinhard/pico/pico-sdk/src/rp2_common/hardware_irq/irq.c.obj
 *fill*         0x000000001000776a        0x2 
 .rodata.irq_add_shared_handler.str1.4
                0x000000001000776c       0xd9 CMakeFiles/main.dir/home/reinhard/pico/pico-sdk/src/rp2_common/hardware_irq/irq.c.obj
 *fill*         0x0000000010007845        0x3 
 .rodata.irq_add_tail_to_free_list.str1.4
                0x0000000010007848       0x32 CMakeFiles/main.dir/home/reinhard/pico/pico-sdk/src/rp2_common/hardware_irq/irq.c.obj
                                         0x3a (size before relaxing)
 *fill*         0x000000001000787a        0x2 
 .rodata.irq_remove_handler.str1.4
                0x000000001000787c       0x2a CMakeFiles/main.dir/home/reinhard/pico/pico-sdk/src/rp2_common/hardware_irq/irq.c.obj
 *fill*         0x00000000100078a6        0x2 
 .rodata.irq_set_exclusive_handler.str1.4
                0x00000000100078a8       0x36 CMakeFiles/main.dir/home/reinhard/pico/pico-sdk/src/rp2_common/hardware_irq/irq.c.obj
 *fill*         0x00000000100078de        0x2 
 .rodata.make_branch.str1.4
                0x00000000100078e0       0x4f CMakeFiles/main.dir/home/reinhard/pico/pico-sdk/src/rp2_common/hardware_irq/irq.c.obj
 *fill*         0x000000001000792f        0x1 
 .rodata.__func__.4458
                0x0000000010007930        0x9 CMakeFiles/main.dir/home/reinhard/pico/pico-sdk/src/rp2_common/hardware_pll/pll.c.obj
 *fill*         0x0000000010007939        0x3 
 .rodata.pll_init.str1.4
                0x000000001000793c       0xdb CMakeFiles/main.dir/home/reinhard/pico/pico-sdk/src/rp2_common/hardware_pll/pll.c.obj
 *fill*         0x0000000010007a17        0x1 
 .rodata._vsnprintf
                0x0000000010007a18      0x1e0 CMakeFiles/main.dir/home/reinhard/pico/pico-sdk/src/rp2_common/pico_printf/printf.c.obj
 .rodata._ftoa.str1.4
                0x0000000010007bf8       0x15 CMakeFiles/main.dir/home/reinhard/pico/pico-sdk/src/rp2_common/pico_printf/printf.c.obj
 *fill*         0x0000000010007c0d        0x3 
 .rodata.pow10.5472
                0x0000000010007c10       0x50 CMakeFiles/main.dir/home/reinhard/pico/pico-sdk/src/rp2_common/pico_printf/printf.c.obj
 .rodata.__aeabi_double_init.str1.4
                0x0000000010007c60       0xaa CMakeFiles/main.dir/home/reinhard/pico/pico-sdk/src/rp2_common/pico_double/double_init_rom.c.obj
 *fill*         0x0000000010007d0a        0x2 
 .rodata.__func__.4769
                0x0000000010007d0c       0x14 CMakeFiles/main.dir/home/reinhard/pico/pico-sdk/src/rp2_common/pico_double/double_init_rom.c.obj
 .rodata.__aeabi_float_init.str1.4
                0x0000000010007d20       0x7c CMakeFiles/main.dir/home/reinhard/pico/pico-sdk/src/rp2_common/pico_float/float_init_rom.c.obj
                                         0x80 (size before relaxing)
 .rodata.__func__.4770
                0x0000000010007d9c       0x13 CMakeFiles/main.dir/home/reinhard/pico/pico-sdk/src/rp2_common/pico_float/float_init_rom.c.obj
 *fill*         0x0000000010007daf        0x1 
 .rodata.__bi_44
                0x0000000010007db0        0xc CMakeFiles/main.dir/home/reinhard/pico/pico-sdk/src/rp2_common/pico_standard_link/binary_info.c.obj
 .rodata.__bi_75
                0x0000000010007dbc        0xc CMakeFiles/main.dir/home/reinhard/pico/pico-sdk/src/rp2_common/pico_standard_link/binary_info.c.obj
 .rodata.__bi_81
                0x0000000010007dc8        0xc CMakeFiles/main.dir/home/reinhard/pico/pico-sdk/src/rp2_common/pico_standard_link/binary_info.c.obj
 .rodata.str1.4
                0x0000000010007dd4       0x3c CMakeFiles/main.dir/home/reinhard/pico/pico-sdk/src/rp2_common/pico_standard_link/binary_info.c.obj
 .rodata.crlf_str.5951
                0x0000000010007e10        0x2 CMakeFiles/main.dir/home/reinhard/pico/pico-sdk/src/rp2_common/pico_stdio/stdio.c.obj
 *fill*         0x0000000010007e12        0x2 
 .rodata._resetd_driver
                0x0000000010007e14       0x18 CMakeFiles/main.dir/home/reinhard/pico/pico-sdk/src/rp2_common/pico_stdio_usb/reset_interface.c.obj
 .rodata.__bi_93.7266
                0x0000000010007e2c        0xc CMakeFiles/main.dir/home/reinhard/pico/pico-sdk/src/rp2_common/pico_stdio_usb/stdio_usb.c.obj
 .rodata.__func__.5474
                0x0000000010007e38       0x15 CMakeFiles/main.dir/home/reinhard/pico/pico-sdk/src/rp2_common/pico_stdio_usb/stdio_usb.c.obj
 .rodata.stdio_usb_init.str1.4
                0x0000000010007e4d       0x63 CMakeFiles/main.dir/home/reinhard/pico/pico-sdk/src/rp2_common/pico_stdio_usb/stdio_usb.c.obj
 *fill*         0x0000000010007e4d        0x3 
 .rodata.str1.4
                0x0000000010007e50       0x13 CMakeFiles/main.dir/home/reinhard/pico/pico-sdk/src/rp2_common/pico_stdio_usb/stdio_usb.c.obj
 *fill*         0x0000000010007e63        0x1 
 .rodata.str1.4
                0x0000000010007e64       0x2a CMakeFiles/main.dir/home/reinhard/pico/pico-sdk/src/rp2_common/pico_stdio_usb/stdio_usb_descriptors.c.obj
 *fill*         0x0000000010007e8e        0x2 
 .rodata.usbd_desc_cfg
                0x0000000010007e90       0x54 CMakeFiles/main.dir/home/reinhard/pico/pico-sdk/src/rp2_common/pico_stdio_usb/stdio_usb_descriptors.c.obj
 .rodata.usbd_desc_device
                0x0000000010007ee4       0x12 CMakeFiles/main.dir/home/reinhard/pico/pico-sdk/src/rp2_common/pico_stdio_usb/stdio_usb_descriptors.c.obj
 *fill*         0x0000000010007ef6        0x2 
 .rodata.usbd_desc_str
                0x0000000010007ef8       0x18 CMakeFiles/main.dir/home/reinhard/pico/pico-sdk/src/rp2_common/pico_stdio_usb/stdio_usb_descriptors.c.obj
 .rodata.__func__.6938
                0x0000000010007f10       0x13 CMakeFiles/main.dir/home/reinhard/pico/pico-sdk/lib/tinyusb/src/portable/raspberrypi/rp2040/dcd_rp2040.c.obj
 *fill*         0x0000000010007f23        0x1 
 .rodata.__func__.6991
                0x0000000010007f24        0x9 CMakeFiles/main.dir/home/reinhard/pico/pico-sdk/lib/tinyusb/src/portable/raspberrypi/rp2040/dcd_rp2040.c.obj
 *fill*         0x0000000010007f2d        0x3 
 .rodata.__func__.6995
                0x0000000010007f30        0xf CMakeFiles/main.dir/home/reinhard/pico/pico-sdk/lib/tinyusb/src/portable/raspberrypi/rp2040/dcd_rp2040.c.obj
 *fill*         0x0000000010007f3f        0x1 
 .rodata.__func__.7004
                0x0000000010007f40       0x10 CMakeFiles/main.dir/home/reinhard/pico/pico-sdk/lib/tinyusb/src/portable/raspberrypi/rp2040/dcd_rp2040.c.obj
 .rodata.__func__.7023
                0x0000000010007f50        0xe CMakeFiles/main.dir/home/reinhard/pico/pico-sdk/lib/tinyusb/src/portable/raspberrypi/rp2040/dcd_rp2040.c.obj
 *fill*         0x0000000010007f5e        0x2 
 .rodata.__func__.7033
                0x0000000010007f60        0xe CMakeFiles/main.dir/home/reinhard/pico/pico-sdk/lib/tinyusb/src/portable/raspberrypi/rp2040/dcd_rp2040.c.obj
 *fill*         0x0000000010007f6e        0x2 
 .rodata._hw_endpoint_alloc.str1.4
                0x0000000010007f70       0xb9 CMakeFiles/main.dir/home/reinhard/pico/pico-sdk/lib/tinyusb/src/portable/raspberrypi/rp2040/dcd_rp2040.c.obj
 *fill*         0x0000000010008029        0x3 
 .rodata.dcd_int_enable.str1.4
                0x000000001000802c        0xc CMakeFiles/main.dir/home/reinhard/pico/pico-sdk/lib/tinyusb/src/portable/raspberrypi/rp2040/dcd_rp2040.c.obj
 .rodata.dcd_rp2040_irq.str1.4
                0x0000000010008038       0x14 CMakeFiles/main.dir/home/reinhard/pico/pico-sdk/lib/tinyusb/src/portable/raspberrypi/rp2040/dcd_rp2040.c.obj
 .rodata.__func__.6705
                0x000000001000804c        0xf CMakeFiles/main.dir/home/reinhard/pico/pico-sdk/lib/tinyusb/src/portable/raspberrypi/rp2040/rp2040_usb.c.obj
 *fill*         0x000000001000805b        0x1 
 .rodata._hw_endpoint_buffer_control_update32.str1.4
                0x000000001000805c       0x1f CMakeFiles/main.dir/home/reinhard/pico/pico-sdk/lib/tinyusb/src/portable/raspberrypi/rp2040/rp2040_usb.c.obj
 *fill*         0x000000001000807b        0x1 
 .rodata.hw_endpoint_xfer_continue.str1.4
                0x000000001000807c       0x29 CMakeFiles/main.dir/home/reinhard/pico/pico-sdk/lib/tinyusb/src/portable/raspberrypi/rp2040/rp2040_usb.c.obj
 *fill*         0x00000000100080a5        0x3 
 .rodata.hw_endpoint_xfer_start.str1.4
                0x00000000100080a8       0x38 CMakeFiles/main.dir/home/reinhard/pico/pico-sdk/lib/tinyusb/src/portable/raspberrypi/rp2040/rp2040_usb.c.obj
 .rodata.str1.4
                0x00000000100080e0        0x7 CMakeFiles/main.dir/home/reinhard/pico/pico-sdk/lib/tinyusb/src/portable/raspberrypi/rp2040/rp2040_usb.c.obj
 *fill*         0x00000000100080e7        0x1 
 .rodata.sync_ep_buffer.str1.4
                0x00000000100080e8       0x95 CMakeFiles/main.dir/home/reinhard/pico/pico-sdk/lib/tinyusb/src/portable/raspberrypi/rp2040/rp2040_usb.c.obj
 *fill*         0x000000001000817d        0x3 
 .rodata.process_get_descriptor
                0x0000000010008180       0x40 CMakeFiles/main.dir/home/reinhard/pico/pico-sdk/lib/tinyusb/src/device/usbd.c.obj
 .rodata.process_control_request
                0x00000000100081c0       0x28 CMakeFiles/main.dir/home/reinhard/pico/pico-sdk/lib/tinyusb/src/device/usbd.c.obj
 .rodata.tud_task
                0x00000000100081e8       0x24 CMakeFiles/main.dir/home/reinhard/pico/pico-sdk/lib/tinyusb/src/device/usbd.c.obj
 .rodata.__func__.6614
                0x000000001000820c       0x10 CMakeFiles/main.dir/home/reinhard/pico/pico-sdk/lib/tinyusb/src/device/usbd.c.obj
 .rodata.__func__.7412
                0x000000001000821c        0x9 CMakeFiles/main.dir/home/reinhard/pico/pico-sdk/lib/tinyusb/src/device/usbd.c.obj
 *fill*         0x0000000010008225        0x3 
 .rodata.__func__.7433
                0x0000000010008228       0x18 CMakeFiles/main.dir/home/reinhard/pico/pico-sdk/lib/tinyusb/src/device/usbd.c.obj
 .rodata.__func__.7476
                0x0000000010008240       0x13 CMakeFiles/main.dir/home/reinhard/pico/pico-sdk/lib/tinyusb/src/device/usbd.c.obj
 *fill*         0x0000000010008253        0x1 
 .rodata.__func__.7511
                0x0000000010008254       0x17 CMakeFiles/main.dir/home/reinhard/pico/pico-sdk/lib/tinyusb/src/device/usbd.c.obj
 *fill*         0x000000001000826b        0x1 
 .rodata.__func__.7565
                0x000000001000826c       0x14 CMakeFiles/main.dir/home/reinhard/pico/pico-sdk/lib/tinyusb/src/device/usbd.c.obj
 .rodata.__func__.7579
                0x0000000010008280        0xf CMakeFiles/main.dir/home/reinhard/pico/pico-sdk/lib/tinyusb/src/device/usbd.c.obj
 *fill*         0x000000001000828f        0x1 
 .rodata.__func__.7602
                0x0000000010008290        0xf CMakeFiles/main.dir/home/reinhard/pico/pico-sdk/lib/tinyusb/src/device/usbd.c.obj
 *fill*         0x000000001000829f        0x1 
 .rodata._usbd_driver
                0x00000000100082a0       0x18 CMakeFiles/main.dir/home/reinhard/pico/pico-sdk/lib/tinyusb/src/device/usbd.c.obj
 .rodata.process_set_config.str1.4
                0x00000000100082b8       0x17 CMakeFiles/main.dir/home/reinhard/pico/pico-sdk/lib/tinyusb/src/device/usbd.c.obj
 *fill*         0x00000000100082cf        0x1 
 .rodata.__func__.7327
                0x00000000100082d0       0x11 CMakeFiles/main.dir/home/reinhard/pico/pico-sdk/lib/tinyusb/src/device/usbd_control.c.obj
 *fill*         0x00000000100082e1        0x3 
 .rodata.__func__.7354
                0x00000000100082e4       0x15 CMakeFiles/main.dir/home/reinhard/pico/pico-sdk/lib/tinyusb/src/device/usbd_control.c.obj
 .rodata.tud_control_xfer.str1.4
                0x00000000100082f9       0x17 CMakeFiles/main.dir/home/reinhard/pico/pico-sdk/lib/tinyusb/src/device/usbd_control.c.obj
 *fill*         0x00000000100082f9        0x3 
 .rodata.__func__.7263
                0x00000000100082fc       0x16 CMakeFiles/main.dir/home/reinhard/pico/pico-sdk/lib/tinyusb/src/class/cdc/cdc_device.c.obj
 *fill*         0x0000000010008312        0x2 
 .rodata.__func__.7296
                0x0000000010008314        0xa CMakeFiles/main.dir/home/reinhard/pico/pico-sdk/lib/tinyusb/src/class/cdc/cdc_device.c.obj
 *fill*         0x000000001000831e        0x2 
 .rodata.__func__.7331
                0x0000000010008320        0xd CMakeFiles/main.dir/home/reinhard/pico/pico-sdk/lib/tinyusb/src/class/cdc/cdc_device.c.obj
 .rodata.tud_cdc_n_write_flush.str1.4
                0x000000001000832d       0x17 CMakeFiles/main.dir/home/reinhard/pico/pico-sdk/lib/tinyusb/src/class/cdc/cdc_device.c.obj
 *fill*         0x000000001000832d        0x3 
 .rodata.__func__.7200
                0x0000000010008330        0xa CMakeFiles/main.dir/home/reinhard/pico/pico-sdk/lib/tinyusb/src/tusb.c.obj
 *fill*         0x000000001000833a        0x2 
 .rodata.__func__.7212
                0x000000001000833c       0x11 CMakeFiles/main.dir/home/reinhard/pico/pico-sdk/lib/tinyusb/src/tusb.c.obj
 .rodata.tusb_init.str1.4
                0x000000001000834d       0x17 CMakeFiles/main.dir/home/reinhard/pico/pico-sdk/lib/tinyusb/src/tusb.c.obj
 *fill*         0x000000001000834d        0x3 
 .rodata.__func__.4337
                0x0000000010008350       0x20 CMakeFiles/main.dir/home/reinhard/pico/pico-sdk/src/rp2_common/pico_unique_id/unique_id.c.obj
 .rodata.pico_get_unique_board_id_string.str1.4
                0x0000000010008370       0x4f CMakeFiles/main.dir/home/reinhard/pico/pico-sdk/src/rp2_common/pico_unique_id/unique_id.c.obj
 *fill*         0x00000000100083bf        0x1 
 .rodata.__func__.4511
                0x00000000100083c0        0xd CMakeFiles/main.dir/home/reinhard/pico/pico-sdk/src/rp2_common/hardware_flash/flash.c.obj
 *fill*         0x00000000100083cd        0x3 
 .rodata.str1.4
                0x00000000100083d0      0x15a CMakeFiles/main.dir/home/reinhard/pico/pico-sdk/src/rp2_common/hardware_flash/flash.c.obj
                0x000000001000852c                . = ALIGN (0x4)
 *fill*         0x000000001000852a        0x2 
 *(SORT_BY_ALIGNMENT(SORT_BY_NAME(.flashdata*)))
                0x000000001000852c                . = ALIGN (0x4)

.rel.dyn        0x000000001000852c        0x0
 .rel.iplt      0x000000001000852c        0x0 /usr/lib/gcc/arm-none-eabi/8.3.1/thumb/v6-m/nofp/crtbegin.o

.ARM.extab
 *(.ARM.extab* .gnu.linkonce.armextab.*)
                0x000000001000852c                __exidx_start = .

.ARM.exidx
 *(.ARM.exidx* .gnu.linkonce.armexidx.*)
                0x000000001000852c                __exidx_end = .
                0x000000001000852c                . = ALIGN (0x4)
                0x000000001000852c                __binary_info_start = .

.binary_info    0x000000001000852c       0x20
 *(.binary_info.keep.*)
 .binary_info.keep.__bi_ptr22
                0x000000001000852c        0x4 CMakeFiles/main.dir/home/reinhard/pico/pico-sdk/src/rp2_common/pico_standard_link/binary_info.c.obj
 .binary_info.keep.__bi_ptr30
                0x0000000010008530        0x4 CMakeFiles/main.dir/home/reinhard/pico/pico-sdk/src/rp2_common/pico_standard_link/binary_info.c.obj
 .binary_info.keep.__bi_ptr38
                0x0000000010008534        0x4 CMakeFiles/main.dir/home/reinhard/pico/pico-sdk/src/rp2_common/pico_standard_link/binary_info.c.obj
 .binary_info.keep.__bi_ptr44
                0x0000000010008538        0x4 CMakeFiles/main.dir/home/reinhard/pico/pico-sdk/src/rp2_common/pico_standard_link/binary_info.c.obj
 .binary_info.keep.__bi_ptr50
                0x000000001000853c        0x4 CMakeFiles/main.dir/home/reinhard/pico/pico-sdk/src/rp2_common/pico_standard_link/binary_info.c.obj
 .binary_info.keep.__bi_ptr75
                0x0000000010008540        0x4 CMakeFiles/main.dir/home/reinhard/pico/pico-sdk/src/rp2_common/pico_standard_link/binary_info.c.obj
 .binary_info.keep.__bi_ptr81
                0x0000000010008544        0x4 CMakeFiles/main.dir/home/reinhard/pico/pico-sdk/src/rp2_common/pico_standard_link/binary_info.c.obj
 *(.binary_info.*)
 .binary_info.__bi_ptr93
                0x0000000010008548        0x4 CMakeFiles/main.dir/home/reinhard/pico/pico-sdk/src/rp2_common/pico_stdio_usb/stdio_usb.c.obj
                0x000000001000854c                __binary_info_end = .
                0x000000001000854c                . = ALIGN (0x4)
                0x000000001000854c                __etext = .

.ram_vector_table
                0x0000000020000000       0xc0
 *(.ram_vector_table)
 .ram_vector_table
                0x0000000020000000       0xc0 CMakeFiles/main.dir/home/reinhard/pico/pico-sdk/src/rp2_common/pico_runtime/runtime.c.obj
                0x0000000020000000                ram_vector_table

.data           0x00000000200000c0      0x440 load address 0x000000001000854c
                0x00000000200000c0                __data_start__ = .
 *(vtable)
 *(.time_critical*)
 .time_critical.mutex_enter_blocking
                0x00000000200000c0       0x48 CMakeFiles/main.dir/home/reinhard/pico/pico-sdk/src/common/pico_sync/mutex.c.obj
                0x00000000200000c0                mutex_enter_blocking
 .time_critical.mutex_try_enter
                0x0000000020000108       0x48 CMakeFiles/main.dir/home/reinhard/pico/pico-sdk/src/common/pico_sync/mutex.c.obj
                0x0000000020000108                mutex_try_enter
 .time_critical.mutex_enter_block_until
                0x0000000020000150       0x7c CMakeFiles/main.dir/home/reinhard/pico/pico-sdk/src/common/pico_sync/mutex.c.obj
                0x0000000020000150                mutex_enter_block_until
 .time_critical.mutex_enter_timeout_ms
                0x00000000200001cc       0x6c CMakeFiles/main.dir/home/reinhard/pico/pico-sdk/src/common/pico_sync/mutex.c.obj
                0x00000000200001cc                mutex_enter_timeout_ms
 .time_critical.mutex_exit
                0x0000000020000238       0x4c CMakeFiles/main.dir/home/reinhard/pico/pico-sdk/src/common/pico_sync/mutex.c.obj
                0x0000000020000238                mutex_exit
 .time_critical.flash_init_boot2_copyout
                0x0000000020000284       0x30 CMakeFiles/main.dir/home/reinhard/pico/pico-sdk/src/rp2_common/hardware_flash/flash.c.obj
 .time_critical.flash_enable_xip_via_boot2
                0x00000000200002b4       0x10 CMakeFiles/main.dir/home/reinhard/pico/pico-sdk/src/rp2_common/hardware_flash/flash.c.obj
 .time_critical.flash_cs_force
                0x00000000200002c4       0x28 CMakeFiles/main.dir/home/reinhard/pico/pico-sdk/src/rp2_common/hardware_flash/flash.c.obj
 .time_critical.flash_do_cmd
                0x00000000200002ec       0xd4 CMakeFiles/main.dir/home/reinhard/pico/pico-sdk/src/rp2_common/hardware_flash/flash.c.obj
                0x00000000200002ec                flash_do_cmd
 *(.text*)
 .text          0x00000000200003c0        0x4 /usr/lib/gcc/arm-none-eabi/8.3.1/thumb/v6-m/nofp/libgcc.a(_dvmd_tls.o)
                0x00000000200003c0                __aeabi_ldiv0
                0x00000000200003c0                __aeabi_idiv0
 *fill*         0x00000000200003c4        0x4 
 .text.__stub   0x00000000200003c8       0x40 linker stubs
                0x0000000020000408                . = ALIGN (0x4)
 *(.rodata*)
                0x0000000020000408                . = ALIGN (0x4)
 *(.data*)
 .data.striped_spin_lock_num
                0x0000000020000408        0x1 CMakeFiles/main.dir/home/reinhard/pico/pico-sdk/src/rp2_common/hardware_sync/sync.c.obj
 *fill*         0x0000000020000409        0x3 
 .data.default_alarm_pool
                0x000000002000040c       0x18 CMakeFiles/main.dir/home/reinhard/pico/pico-sdk/src/common/pico_time/time.c.obj
 .data.default_alarm_pool_heap
                0x0000000020000424       0x10 CMakeFiles/main.dir/home/reinhard/pico/pico-sdk/src/common/pico_time/time.c.obj
 .data          0x0000000020000434       0x48 CMakeFiles/main.dir/home/reinhard/pico/pico-sdk/src/rp2_common/hardware_irq/irq_handler_chain.S.obj
                0x0000000020000434                irq_handler_chain_slots
                0x0000000020000464                irq_handler_chain_first_slot
                0x000000002000046e                irq_handler_chain_remove_tail
 *fill*         0x000000002000047c        0x4 
 .data.aeabi_bits_funcs
                0x0000000020000480       0x10 CMakeFiles/main.dir/home/reinhard/pico/pico-sdk/src/rp2_common/pico_bit_ops/bit_ops_aeabi.S.obj
                0x0000000020000480                aeabi_bits_funcs
                0x0000000020000490                aeabi_bits_funcs_end
 .data.aeabi_mem_funcs
                0x0000000020000490       0x10 CMakeFiles/main.dir/home/reinhard/pico/pico-sdk/src/rp2_common/pico_mem_ops/mem_ops_aeabi.S.obj
                0x0000000020000490                aeabi_mem_funcs
                0x00000000200004a0                aeabi_mem_funcs_end
 .data.stdio_usb
                0x00000000200004a0       0x14 CMakeFiles/main.dir/home/reinhard/pico/pico-sdk/src/rp2_common/pico_stdio_usb/stdio_usb.c.obj
                0x00000000200004a0                stdio_usb
 .data.ep_dir_string
                0x00000000200004b4        0x8 CMakeFiles/main.dir/home/reinhard/pico/pico-sdk/lib/tinyusb/src/portable/raspberrypi/rp2040/rp2040_usb.c.obj
                0x00000000200004b4                ep_dir_string
 .data._usbd_qdef
                0x00000000200004bc       0x24 CMakeFiles/main.dir/home/reinhard/pico/pico-sdk/lib/tinyusb/src/device/usbd.c.obj
                0x00000000200004bc                _usbd_qdef
                0x00000000200004e0                . = ALIGN (0x4)
 *(.after_data.*)
                0x00000000200004e0                . = ALIGN (0x4)
                0x00000000200004e0                PROVIDE (__mutex_array_start = .)
 *(SORT_BY_NAME(.mutex_array.*))
 *(.mutex_array)
 .mutex_array   0x00000000200004e0        0x8 CMakeFiles/main.dir/home/reinhard/pico/pico-sdk/src/rp2_common/pico_stdio/stdio.c.obj
                0x00000000200004e8                PROVIDE (__mutex_array_end = .)
                0x00000000200004e8                . = ALIGN (0x4)
                0x00000000200004e8                PROVIDE (__preinit_array_start = .)
 *(SORT_BY_NAME(.preinit_array.*))
 .preinit_array.00001
                0x00000000200004e8        0x4 CMakeFiles/main.dir/home/reinhard/pico/pico-sdk/src/rp2_common/pico_mem_ops/mem_ops_aeabi.S.obj
 .preinit_array.00010
                0x00000000200004ec        0x4 CMakeFiles/main.dir/home/reinhard/pico/pico-sdk/src/rp2_common/pico_bit_ops/bit_ops_aeabi.S.obj
 .preinit_array.00020
                0x00000000200004f0        0x4 CMakeFiles/main.dir/home/reinhard/pico/pico-sdk/src/rp2_common/pico_double/double_aeabi.S.obj
 .preinit_array.00020
                0x00000000200004f4        0x4 CMakeFiles/main.dir/home/reinhard/pico/pico-sdk/src/rp2_common/pico_float/float_aeabi.S.obj
 *(.preinit_array)
                0x00000000200004f8                PROVIDE (__preinit_array_end = .)
                0x00000000200004f8                . = ALIGN (0x4)
                0x00000000200004f8                PROVIDE (__init_array_start = .)
 *(SORT_BY_NAME(.init_array.*))
 *(.init_array)
 .init_array    0x00000000200004f8        0x4 /usr/lib/gcc/arm-none-eabi/8.3.1/thumb/v6-m/nofp/crtbegin.o
 .init_array    0x00000000200004fc        0x4 CMakeFiles/main.dir/home/reinhard/pico/pico-sdk/src/rp2_common/pico_unique_id/unique_id.c.obj
                0x0000000020000500                PROVIDE (__init_array_end = .)
                0x0000000020000500                . = ALIGN (0x4)
                0x0000000020000500                PROVIDE (__fini_array_start = .)
 *(SORT_BY_NAME(.fini_array.*))
 *(.fini_array)
                0x0000000020000500                PROVIDE (__fini_array_end = .)
 *(.jcr)
                0x0000000020000500                . = ALIGN (0x4)
                0x0000000020000500                __data_end__ = .

.tm_clone_table
                0x0000000020000500        0x0 load address 0x000000001000898c
 .tm_clone_table
                0x0000000020000500        0x0 /usr/lib/gcc/arm-none-eabi/8.3.1/thumb/v6-m/nofp/crtbegin.o
 .tm_clone_table
                0x0000000020000500        0x0 /usr/lib/gcc/arm-none-eabi/8.3.1/thumb/v6-m/nofp/crtend.o

.igot.plt       0x0000000020000500        0x0 load address 0x000000001000898c
 .igot.plt      0x0000000020000500        0x0 /usr/lib/gcc/arm-none-eabi/8.3.1/thumb/v6-m/nofp/crtbegin.o

.uninitialized_data
                0x0000000020000500        0x0 load address 0x000000001000898c
                0x0000000020000500                . = ALIGN (0x4)
 *(.uninitialized_data*)

.scratch_x      0x0000000020040000        0x0 load address 0x000000001000898c
                0x0000000020040000                __scratch_x_start__ = .
 *(.scratch_x.*)
                0x0000000020040000                . = ALIGN (0x4)
                0x0000000020040000                __scratch_x_end__ = .
                0x000000001000898c                __scratch_x_source__ = LOADADDR (.scratch_x)

.scratch_y      0x0000000020041000        0x0 load address 0x000000001000898c
                0x0000000020041000                __scratch_y_start__ = .
 *(.scratch_y.*)
                0x0000000020041000                . = ALIGN (0x4)
                0x0000000020041000                __scratch_y_end__ = .
                0x000000001000898c                __scratch_y_source__ = LOADADDR (.scratch_y)

.bss            0x0000000020000500      0xd7c
                0x0000000020000500                . = ALIGN (0x4)
                0x0000000020000500                __bss_start__ = .
 *(SORT_BY_ALIGNMENT(SORT_BY_NAME(.bss*)))
 .bss.default_alarm_pool_entries
                0x0000000020000500      0x100 CMakeFiles/main.dir/home/reinhard/pico/pico-sdk/src/common/pico_time/time.c.obj
 .bss.last_avail_time.7245